Archive member included to satisfy reference by file (symbol)

C:/msys64/mingw64/bin/../lib/gcc/arm-none-eabi/13.3.0/thumb/v6-m/nofp\libgcc.a(_udivsi3.o)
                              CMakeFiles/sensor_unit.elf.dir/Core/Src/system_stm32l0xx.c.obj (__aeabi_uidiv)
C:/msys64/mingw64/bin/../lib/gcc/arm-none-eabi/13.3.0/thumb/v6-m/nofp\libgcc.a(_dvmd_tls.o)
                              C:/msys64/mingw64/bin/../lib/gcc/arm-none-eabi/13.3.0/thumb/v6-m/nofp\libgcc.a(_udivsi3.o) (__aeabi_idiv0)
C:/msys64/mingw64/bin/../lib/gcc/arm-none-eabi/13.3.0/thumb/v6-m/nofp\libgcc.a(_aeabi_uldivmod.o)
                              CMakeFiles/sensor_unit.elf.dir/Core/Src/SX1278.c.obj (__aeabi_uldivmod)
C:/msys64/mingw64/bin/../lib/gcc/arm-none-eabi/13.3.0/thumb/v6-m/nofp\libgcc.a(_muldi3.o)
                              CMakeFiles/sensor_unit.elf.dir/Drivers/STM32L0xx_HAL_Driver/Src/stm32l0xx_hal_rcc.c.obj (__aeabi_lmul)
C:/msys64/mingw64/bin/../lib/gcc/arm-none-eabi/13.3.0/thumb/v6-m/nofp\libgcc.a(_udivmoddi4.o)
                              C:/msys64/mingw64/bin/../lib/gcc/arm-none-eabi/13.3.0/thumb/v6-m/nofp\libgcc.a(_aeabi_uldivmod.o) (__udivmoddi4)
C:/msys64/mingw64/bin/../lib/gcc/arm-none-eabi/13.3.0/thumb/v6-m/nofp\libgcc.a(_lshrdi3.o)
                              C:/msys64/mingw64/bin/../lib/gcc/arm-none-eabi/13.3.0/thumb/v6-m/nofp\libgcc.a(_udivmoddi4.o) (__aeabi_llsr)
C:/msys64/mingw64/bin/../lib/gcc/arm-none-eabi/13.3.0/thumb/v6-m/nofp\libgcc.a(_ashldi3.o)
                              C:/msys64/mingw64/bin/../lib/gcc/arm-none-eabi/13.3.0/thumb/v6-m/nofp\libgcc.a(_udivmoddi4.o) (__aeabi_llsl)
C:/msys64/mingw64/bin/../lib/gcc/arm-none-eabi/13.3.0/thumb/v6-m/nofp\libgcc.a(_clzdi2.o)
                              C:/msys64/mingw64/bin/../lib/gcc/arm-none-eabi/13.3.0/thumb/v6-m/nofp\libgcc.a(_udivmoddi4.o) (__clzdi2)
C:/msys64/mingw64/bin/../lib/gcc/arm-none-eabi/13.3.0/thumb/v6-m/nofp\libgcc.a(_clzsi2.o)
                              C:/msys64/mingw64/bin/../lib/gcc/arm-none-eabi/13.3.0/thumb/v6-m/nofp\libgcc.a(_clzdi2.o) (__clzsi2)
C:/msys64/mingw64/bin/../lib/gcc/arm-none-eabi/13.3.0/../../../../arm-none-eabi/lib/thumb/v6-m/nofp\libg.a(libc_a-atexit.o)
                              C:/msys64/mingw64/bin/../lib/gcc/arm-none-eabi/13.3.0/../../../../arm-none-eabi/lib/thumb/v6-m/nofp/crt0.o (atexit)
C:/msys64/mingw64/bin/../lib/gcc/arm-none-eabi/13.3.0/../../../../arm-none-eabi/lib/thumb/v6-m/nofp\libg.a(libc_a-exit.o)
                              C:/msys64/mingw64/bin/../lib/gcc/arm-none-eabi/13.3.0/../../../../arm-none-eabi/lib/thumb/v6-m/nofp/crt0.o (exit)
C:/msys64/mingw64/bin/../lib/gcc/arm-none-eabi/13.3.0/../../../../arm-none-eabi/lib/thumb/v6-m/nofp\libg.a(libc_a-findfp.o)
                              C:/msys64/mingw64/bin/../lib/gcc/arm-none-eabi/13.3.0/../../../../arm-none-eabi/lib/thumb/v6-m/nofp\libg.a(libc_a-exit.o) (__stdio_exit_handler)
C:/msys64/mingw64/bin/../lib/gcc/arm-none-eabi/13.3.0/../../../../arm-none-eabi/lib/thumb/v6-m/nofp\libg.a(libc_a-fwalk.o)
                              C:/msys64/mingw64/bin/../lib/gcc/arm-none-eabi/13.3.0/../../../../arm-none-eabi/lib/thumb/v6-m/nofp\libg.a(libc_a-findfp.o) (_fwalk_sglue)
C:/msys64/mingw64/bin/../lib/gcc/arm-none-eabi/13.3.0/../../../../arm-none-eabi/lib/thumb/v6-m/nofp\libg.a(libc_a-printf.o)
                              CMakeFiles/sensor_unit.elf.dir/Core/Src/main.c.obj (printf)
C:/msys64/mingw64/bin/../lib/gcc/arm-none-eabi/13.3.0/../../../../arm-none-eabi/lib/thumb/v6-m/nofp\libg.a(libc_a-puts.o)
                              CMakeFiles/sensor_unit.elf.dir/Core/Src/main.c.obj (puts)
C:/msys64/mingw64/bin/../lib/gcc/arm-none-eabi/13.3.0/../../../../arm-none-eabi/lib/thumb/v6-m/nofp\libg.a(libc_a-sprintf.o)
                              CMakeFiles/sensor_unit.elf.dir/Core/Src/main.c.obj (sprintf)
C:/msys64/mingw64/bin/../lib/gcc/arm-none-eabi/13.3.0/../../../../arm-none-eabi/lib/thumb/v6-m/nofp\libg.a(libc_a-stdio.o)
                              C:/msys64/mingw64/bin/../lib/gcc/arm-none-eabi/13.3.0/../../../../arm-none-eabi/lib/thumb/v6-m/nofp\libg.a(libc_a-findfp.o) (__sread)
C:/msys64/mingw64/bin/../lib/gcc/arm-none-eabi/13.3.0/../../../../arm-none-eabi/lib/thumb/v6-m/nofp\libg.a(libc_a-memset.o)
                              C:/msys64/mingw64/bin/../lib/gcc/arm-none-eabi/13.3.0/../../../../arm-none-eabi/lib/thumb/v6-m/nofp/crt0.o (memset)
C:/msys64/mingw64/bin/../lib/gcc/arm-none-eabi/13.3.0/../../../../arm-none-eabi/lib/thumb/v6-m/nofp\libg.a(libc_a-closer.o)
                              C:/msys64/mingw64/bin/../lib/gcc/arm-none-eabi/13.3.0/../../../../arm-none-eabi/lib/thumb/v6-m/nofp\libg.a(libc_a-stdio.o) (_close_r)
C:/msys64/mingw64/bin/../lib/gcc/arm-none-eabi/13.3.0/../../../../arm-none-eabi/lib/thumb/v6-m/nofp\libg.a(libc_a-reent.o)
                              C:/msys64/mingw64/bin/../lib/gcc/arm-none-eabi/13.3.0/../../../../arm-none-eabi/lib/thumb/v6-m/nofp\libg.a(libc_a-closer.o) (errno)
[...]
Memory Configuration

Name             Origin             Length             Attributes
RAM              0x20000000         0x00002000         xrw
FLASH            0x08000000         0x00008000         xr
*default*        0x00000000         0xffffffff

Linker script and memory map

LOAD C:/msys64/mingw64/bin/../lib/gcc/arm-none-eabi/13.3.0/thumb/v6-m/nofp/crti.o
LOAD C:/msys64/mingw64/bin/../lib/gcc/arm-none-eabi/13.3.0/thumb/v6-m/nofp/crtbegin.o
LOAD C:/msys64/mingw64/bin/../lib/gcc/arm-none-eabi/13.3.0/../../../../arm-none-eabi/lib/thumb/v6-m/nofp/crt0.o
LOAD CMakeFiles/sensor_unit.elf.dir/Core/Src/SX1278.c.obj
LOAD CMakeFiles/sensor_unit.elf.dir/Core/Src/SX1278_hw.c.obj
LOAD CMakeFiles/sensor_unit.elf.dir/Core/Src/adc.c.obj
LOAD CMakeFiles/sensor_unit.elf.dir/Core/Src/gpio.c.obj
LOAD CMakeFiles/sensor_unit.elf.dir/Core/Src/lptim.c.obj
LOAD CMakeFiles/sensor_unit.elf.dir/Core/Src/main.c.obj
LOAD CMakeFiles/sensor_unit.elf.dir/Core/Src/spi.c.obj
LOAD CMakeFiles/sensor_unit.elf.dir/Core/Src/stm32l0xx_hal_msp.c.obj
LOAD CMakeFiles/sensor_unit.elf.dir/Core/Src/stm32l0xx_it.c.obj
LOAD CMakeFiles/sensor_unit.elf.dir/Core/Src/syscalls.c.obj
LOAD CMakeFiles/sensor_unit.elf.dir/Core/Src/sysmem.c.obj
LOAD CMakeFiles/sensor_unit.elf.dir/Core/Src/system_stm32l0xx.c.obj
LOAD CMakeFiles/sensor_unit.elf.dir/Core/Startup/startup_stm32l031k6tx.s.obj
LOAD CMakeFiles/sensor_unit.elf.dir/Drivers/STM32L0xx_HAL_Driver/Src/stm32l0xx_hal.c.obj
LOAD CMakeFiles/sensor_unit.elf.dir/Drivers/STM32L0xx_HAL_Driver/Src/stm32l0xx_hal_adc.c.obj
LOAD CMakeFiles/sensor_unit.elf.dir/Drivers/STM32L0xx_HAL_Driver/Src/stm32l0xx_hal_adc_ex.c.obj
LOAD CMakeFiles/sensor_unit.elf.dir/Drivers/STM32L0xx_HAL_Driver/Src/stm32l0xx_hal_cortex.c.obj
LOAD CMakeFiles/sensor_unit.elf.dir/Drivers/STM32L0xx_HAL_Driver/Src/stm32l0xx_hal_dma.c.obj
LOAD CMakeFiles/sensor_unit.elf.dir/Drivers/STM32L0xx_HAL_Driver/Src/stm32l0xx_hal_exti.c.obj
LOAD CMakeFiles/sensor_unit.elf.dir/Drivers/STM32L0xx_HAL_Driver/Src/stm32l0xx_hal_flash.c.obj
LOAD CMakeFiles/sensor_unit.elf.dir/Drivers/STM32L0xx_HAL_Driver/Src/stm32l0xx_hal_flash_ex.c.obj
LOAD CMakeFiles/sensor_unit.elf.dir/Drivers/STM32L0xx_HAL_Driver/Src/stm32l0xx_hal_flash_ramfunc.c.obj
LOAD CMakeFiles/sensor_unit.elf.dir/Drivers/STM32L0xx_HAL_Driver/Src/stm32l0xx_hal_gpio.c.obj
LOAD CMakeFiles/sensor_unit.elf.dir/Drivers/STM32L0xx_HAL_Driver/Src/stm32l0xx_hal_i2c.c.obj
LOAD CMakeFiles/sensor_unit.elf.dir/Drivers/STM32L0xx_HAL_Driver/Src/stm32l0xx_hal_i2c_ex.c.obj
LOAD CMakeFiles/sensor_unit.elf.dir/Drivers/STM32L0xx_HAL_Driver/Src/stm32l0xx_hal_lptim.c.obj
LOAD CMakeFiles/sensor_unit.elf.dir/Drivers/STM32L0xx_HAL_Driver/Src/stm32l0xx_hal_pwr.c.obj
LOAD CMakeFiles/sensor_unit.elf.dir/Drivers/STM32L0xx_HAL_Driver/Src/stm32l0xx_hal_pwr_ex.c.obj
LOAD CMakeFiles/sensor_unit.elf.dir/Drivers/STM32L0xx_HAL_Driver/Src/stm32l0xx_hal_rcc.c.obj
LOAD CMakeFiles/sensor_unit.elf.dir/Drivers/STM32L0xx_HAL_Driver/Src/stm32l0xx_hal_rcc_ex.c.obj
LOAD CMakeFiles/sensor_unit.elf.dir/Drivers/STM32L0xx_HAL_Driver/Src/stm32l0xx_hal_spi.c.obj
LOAD CMakeFiles/sensor_unit.elf.dir/Drivers/STM32L0xx_HAL_Driver/Src/stm32l0xx_hal_tim.c.obj
LOAD CMakeFiles/sensor_unit.elf.dir/Drivers/STM32L0xx_HAL_Driver/Src/stm32l0xx_hal_tim_ex.c.obj
START GROUP
LOAD C:/msys64/mingw64/bin/../lib/gcc/arm-none-eabi/13.3.0/thumb/v6-m/nofp\libgcc.a
LOAD C:/msys64/mingw64/bin/../lib/gcc/arm-none-eabi/13.3.0/../../../../arm-none-eabi/lib/thumb/v6-m/nofp\libg.a
LOAD C:/msys64/mingw64/bin/../lib/gcc/arm-none-eabi/13.3.0/../../../../arm-none-eabi/lib/thumb/v6-m/nofp\libc.a
END GROUP
LOAD C:/msys64/mingw64/bin/../lib/gcc/arm-none-eabi/13.3.0/thumb/v6-m/nofp/crtend.o
LOAD C:/msys64/mingw64/bin/../lib/gcc/arm-none-eabi/13.3.0/thumb/v6-m/nofp/crtn.o
                0x20002000                        _estack = (ORIGIN (RAM) + LENGTH (RAM))
                0x00000200                        _Min_Heap_Size = 0x200
                0x00000400                        _Min_Stack_Size = 0x400

.isr_vector     0x08000000       0xc0
                0x08000000                        . = ALIGN (0x4)
 *(.isr_vector)
 .isr_vector    0x08000000       0xc0 CMakeFiles/sensor_unit.elf.dir/Core/Startup/startup_stm32l031k6tx.s.obj
                0x08000000                g_pfnVectors
                0x080000c0                        . = ALIGN (0x4)

.text           0x080000c0     0xc2e0
                0x080000c0                        . = ALIGN (0x4)
 *(.text)
 .text          0x080000c0       0x8c C:/msys64/mingw64/bin/../lib/gcc/arm-none-eabi/13.3.0/thumb/v6-m/nofp\libgcc.a(_udivsi3.o)
                0x080000c0                __aeabi_uidiv
                0x080000c0                __udivsi3
                0x08000138                __aeabi_uidivmod
 .text          0x0800014c        0x4 C:/msys64/mingw64/bin/../lib/gcc/arm-none-eabi/13.3.0/thumb/v6-m/nofp\libgcc.a(_dvmd_tls.o)
                0x0800014c                __aeabi_idiv0
                0x0800014c                __aeabi_ldiv0
 .text          0x08000150       0x40 C:/msys64/mingw64/bin/../lib/gcc/arm-none-eabi/13.3.0/thumb/v6-m/nofp\libgcc.a(_aeabi_uldivmod.o)
                0x08000150                __aeabi_uldivmod
 .text          0x08000190       0x18 C:/msys64/mingw64/bin/../lib/gcc/arm-none-eabi/13.3.0/thumb/v6-m/nofp\libgcc.a(_lshrdi3.o)
                0x08000190                __lshrdi3
                0x08000190                __aeabi_llsr
 .text          0x080001a8       0x18 C:/msys64/mingw64/bin/../lib/gcc/arm-none-eabi/13.3.0/thumb/v6-m/nofp\libgcc.a(_ashldi3.o)
                0x080001a8                __aeabi_llsl
                0x080001a8                __ashldi3
 .text          0x080001c0       0x18 C:/msys64/mingw64/bin/../lib/gcc/arm-none-eabi/13.3.0/thumb/v6-m/nofp\libgcc.a(_clzdi2.o)
                0x080001c0                __clzdi2
 .text          0x080001d8       0x3c C:/msys64/mingw64/bin/../lib/gcc/arm-none-eabi/13.3.0/thumb/v6-m/nofp\libgcc.a(_clzsi2.o)
                0x080001d8                __clzsi2
 .text          0x08000214       0x10 C:/msys64/mingw64/bin/../lib/gcc/arm-none-eabi/13.3.0/../../../../arm-none-eabi/lib/thumb/v6-m/nofp\libg.a(libc_a-atexit.o)
                0x08000214                atexit
 .text          0x08000224      0x308 C:/msys64/mingw64/bin/../lib/gcc/arm-none-eabi/13.3.0/../../../../arm-none-eabi/lib/thumb/v6-m/nofp\libg.a(libc_a-findfp.o)
                0x080003cc                __sfp
                0x08000494                __sinit
                0x080004cc                __sfp_lock_acquire
                0x080004dc                __sfp_lock_release
                0x080004ec                __fp_lock_all
                0x0800050c                __fp_unlock_all
 .text          0x0800052c       0x44 C:/msys64/mingw64/bin/../lib/gcc/arm-none-eabi/13.3.0/../../../../arm-none-eabi/lib/thumb/v6-m/nofp\libg.a(libc_a-fwalk.o)
                0x0800052c                _fwalk_sglue
 .text          0x08000570       0x40 C:/msys64/mingw64/bin/../lib/gcc/arm-none-eabi/13.3.0/../../../../arm-none-eabi/lib/thumb/v6-m/nofp\libg.a(libc_a-printf.o)
                0x08000570                _printf_r
                0x0800058c                printf
 .text          0x080005b0       0xb4 C:/msys64/mingw64/bin/../lib/gcc/arm-none-eabi/13.3.0/../../../../arm-none-eabi/lib/thumb/v6-m/nofp\libg.a(libc_a-puts.o)
                0x080005b0                _puts_r
                0x08000650                puts
 .text          0x08000664       0x80 C:/msys64/mingw64/bin/../lib/gcc/arm-none-eabi/13.3.0/../../../../arm-none-eabi/lib/thumb/v6-m/nofp\libg.a(libc_a-sprintf.o)
                0x08000664                _sprintf_r
                0x080006a0                sprintf
 .text          0x080006e4       0xa8 C:/msys64/mingw64/bin/../lib/gcc/arm-none-eabi/13.3.0/../../../../arm-none-eabi/lib/thumb/v6-m/nofp\libg.a(libc_a-stdio.o)
                0x080006e4                __sread
                0x0800070c                __seofread
                0x08000710                __swrite
                0x08000750                __sseek
                0x08000780                __sclose
 .text          0x0800078c       0xa8 C:/msys64/mingw64/bin/../lib/gcc/arm-none-eabi/13.3.0/../../../../arm-none-eabi/lib/thumb/v6-m/nofp\libg.a(libc_a-memset.o)
                0x0800078c                memset
 .text          0x08000834       0x24 C:/msys64/mingw64/bin/../lib/gcc/arm-none-eabi/13.3.0/../../../../arm-none-eabi/lib/thumb/v6-m/nofp\libg.a(libc_a-closer.o)
                0x08000834                _close_r
 .text          0x08000858       0x28 C:/msys64/mingw64/bin/../lib/gcc/arm-none-eabi/13.3.0/../../../../arm-none-eabi/lib/thumb/v6-m/nofp\libg.a(libc_a-lseekr.o)
                0x08000858                _lseek_r
 .text          0x08000880       0x28 C:/msys64/mingw64/bin/../lib/gcc/arm-none-eabi/13.3.0/../../../../arm-none-eabi/lib/thumb/v6-m/nofp\libg.a(libc_a-readr.o)
                0x08000880                _read_r
 .text          0x080008a8       0x28 C:/msys64/mingw64/bin/../lib/gcc/arm-none-eabi/13.3.0/../../../../arm-none-eabi/lib/thumb/v6-m/nofp\libg.a(libc_a-writer.o)
                0x080008a8                _write_r
 .text          0x080008d0        0xc C:/msys64/mingw64/bin/../lib/gcc/arm-none-eabi/13.3.0/../../../../arm-none-eabi/lib/thumb/v6-m/nofp\libg.a(libc_a-errno.o)
                0x080008d0                __errno
 .text          0x080008dc       0x48 C:/msys64/mingw64/bin/../lib/gcc/arm-none-eabi/13.3.0/../../../../arm-none-eabi/lib/thumb/v6-m/nofp\libg.a(libc_a-init.o)
                0x080008dc                __libc_init_array
 .text          0x08000924       0x28 C:/msys64/mingw64/bin/../lib/gcc/arm-none-eabi/13.3.0/../../../../arm-none-eabi/lib/thumb/v6-m/nofp\libg.a(libc_a-fini.o)
                0x08000924                __libc_fini_array
 .text          0x0800094c       0x28 C:/msys64/mingw64/bin/../lib/gcc/arm-none-eabi/13.3.0/../../../../arm-none-eabi/lib/thumb/v6-m/nofp\libg.a(libc_a-lock.o)
                0x0800094c                __retarget_lock_init
                0x08000950                __retarget_lock_init_recursive
                0x08000954                __retarget_lock_close
                0x08000958                __retarget_lock_close_recursive
                0x0800095c                __retarget_lock_acquire
                0x08000960                __retarget_lock_acquire_recursive
                0x08000964                __retarget_lock_try_acquire
                0x08000968                __retarget_lock_try_acquire_recursive
                0x0800096c                __retarget_lock_release
                0x08000970                __retarget_lock_release_recursive
 .text          0x08000974       0x90 C:/msys64/mingw64/bin/../lib/gcc/arm-none-eabi/13.3.0/../../../../arm-none-eabi/lib/thumb/v6-m/nofp\libg.a(libc_a-memcpy-stub.o)
                0x08000974                memcpy
 .text          0x08000a04       0x5c C:/msys64/mingw64/bin/../lib/gcc/arm-none-eabi/13.3.0/../../../../arm-none-eabi/lib/thumb/v6-m/nofp\libg.a(libc_a-strlen-stub.o)
                0x08000a04                strlen
 .text          0x08000a60       0xa8 C:/msys64/mingw64/bin/../lib/gcc/arm-none-eabi/13.3.0/../../../../arm-none-eabi/lib/thumb/v6-m/nofp\libg.a(libc_a-__atexit.o)
                0x08000a60                __register_exitproc
 .text          0x08000b08      0x288 C:/msys64/mingw64/bin/../lib/gcc/arm-none-eabi/13.3.0/../../../../arm-none-eabi/lib/thumb/v6-m/nofp\libg.a(libc_a-freer.o)
                0x08000b08                _malloc_trim_r
                0x08000bbc                _free_r
 .text          0x08000d90      0x594 C:/msys64/mingw64/bin/../lib/gcc/arm-none-eabi/13.3.0/../../../../arm-none-eabi/lib/thumb/v6-m/nofp\libg.a(libc_a-mallocr.o)
                0x08000d90                _malloc_r
 .text          0x08001324       0x20 C:/msys64/mingw64/bin/../lib/gcc/arm-none-eabi/13.3.0/../../../../arm-none-eabi/lib/thumb/v6-m/nofp\libg.a(libc_a-mlock.o)
                0x08001324                __malloc_lock
                0x08001334                __malloc_unlock
 .text          0x08001344     0x1aa8 C:/msys64/mingw64/bin/../lib/gcc/arm-none-eabi/13.3.0/../../../../arm-none-eabi/lib/thumb/v6-m/nofp\libg.a(libc_a-svfprintf.o)
                0x08001344                _svfprintf_r
 .text          0x08002dec     0x1c08 C:/msys64/mingw64/bin/../lib/gcc/arm-none-eabi/13.3.0/../../../../arm-none-eabi/lib/thumb/v6-m/nofp\libg.a(libc_a-vfprintf.o)
                0x08002dec                _vfprintf_r
                0x08004950                vfprintf
 .text          0x080049f4       0x20 C:/msys64/mingw64/bin/../lib/gcc/arm-none-eabi/13.3.0/../../../../arm-none-eabi/lib/thumb/v6-m/nofp\libg.a(libc_a-sprint_r.o)
                0x080049f4                __sprint_r
 .text          0x08004a14       0x58 C:/msys64/mingw64/bin/../lib/gcc/arm-none-eabi/13.3.0/../../../../arm-none-eabi/lib/thumb/v6-m/nofp\libg.a(libc_a-ssprint_r.o)
                0x08004a14                __ssprint_r
 .text          0x08004a6c       0xe4 C:/msys64/mingw64/bin/../lib/gcc/arm-none-eabi/13.3.0/../../../../arm-none-eabi/lib/thumb/v6-m/nofp\libg.a(libc_a-fclose.o)
                0x08004a6c                _fclose_r
                0x08004b3c                fclose
 .text          0x08004b50      0x22c C:/msys64/mingw64/bin/../lib/gcc/arm-none-eabi/13.3.0/../../../../arm-none-eabi/lib/thumb/v6-m/nofp\libg.a(libc_a-fflush.o)
                0x08004b50                __sflush_r
                0x08004c98                _fflush_r
                0x08004d00                fflush
 .text          0x08004d7c      0x310 C:/msys64/mingw64/bin/../lib/gcc/arm-none-eabi/13.3.0/../../../../arm-none-eabi/lib/thumb/v6-m/nofp\libg.a(libc_a-fvwrite.o)
                0x08004d7c                __sfvwrite_r
 .text          0x0800508c       0xc8 C:/msys64/mingw64/bin/../lib/gcc/arm-none-eabi/13.3.0/../../../../arm-none-eabi/lib/thumb/v6-m/nofp\libg.a(libc_a-wsetup.o)
                0x0800508c                __swsetup_r
 .text          0x08005154       0xb0 C:/msys64/mingw64/bin/../lib/gcc/arm-none-eabi/13.3.0/../../../../arm-none-eabi/lib/thumb/v6-m/nofp\libg.a(libc_a-memmove.o)
                0x08005154                memmove
 .text          0x08005204       0x60 C:/msys64/mingw64/bin/../lib/gcc/arm-none-eabi/13.3.0/../../../../arm-none-eabi/lib/thumb/v6-m/nofp\libg.a(libc_a-strncpy.o)
                0x08005204                strncpy
 .text          0x08005264       0x14 C:/msys64/mingw64/bin/../lib/gcc/arm-none-eabi/13.3.0/../../../../arm-none-eabi/lib/thumb/v6-m/nofp\libg.a(libc_a-localeconv.o)
                0x08005264                __localeconv_l
                0x08005268                _localeconv_r
                0x08005270                localeconv
 .text          0x08005278       0x24 C:/msys64/mingw64/bin/../lib/gcc/arm-none-eabi/13.3.0/../../../../arm-none-eabi/lib/thumb/v6-m/nofp\libg.a(libc_a-sbrkr.o)
                0x08005278                _sbrk_r
 .text          0x0800529c       0x1c C:/msys64/mingw64/bin/../lib/gcc/arm-none-eabi/13.3.0/../../../../arm-none-eabi/lib/thumb/v6-m/nofp\libg.a(libc_a-sysconf.o)
                0x0800529c                sysconf
 .text          0x080052b8       0x74 C:/msys64/mingw64/bin/../lib/gcc/arm-none-eabi/13.3.0/../../../../arm-none-eabi/lib/thumb/v6-m/nofp\libg.a(libc_a-memchr-stub.o)
                0x080052b8                memchr
 .text          0x0800532c       0x68 C:/msys64/mingw64/bin/../lib/gcc/arm-none-eabi/13.3.0/../../../../arm-none-eabi/lib/thumb/v6-m/nofp\libg.a(libm_a-s_frexp.o)
                0x0800532c                frexp
 .text          0x08005394     0x10e0 C:/msys64/mingw64/bin/../lib/gcc/arm-none-eabi/13.3.0/../../../../arm-none-eabi/lib/thumb/v6-m/nofp\libg.a(libc_a-dtoa.o)
                0x080054e8                _dtoa_r
 .text          0x08006474      0xb0c C:/msys64/mingw64/bin/../lib/gcc/arm-none-eabi/13.3.0/../../../../arm-none-eabi/lib/thumb/v6-m/nofp\libg.a(libc_a-mprec.o)
                0x08006474                _Balloc
                0x080064c4                _Bfree
                0x080064d8                __multadd
                0x08006580                __s2b
                0x08006630                __hi0bits
                0x0800667c                __lo0bits
                0x080066d8                __i2b
                0x08006738                __multiply
                0x080068e8                __pow5mult
                0x080069b8                __lshift
                0x08006ab4                __mcmp
                0x08006af0                __mdiff
                0x08006c94                __ulp
                0x08006cd4                __b2d
                0x08006d8c                __d2b
                0x08006e58                __ratio
                0x08006ec0                _mprec_log10
                0x08006ef4                __copybits
                0x08006f34                __any_on
 .text          0x08006f80      0x350 C:/msys64/mingw64/bin/../lib/gcc/arm-none-eabi/13.3.0/../../../../arm-none-eabi/lib/thumb/v6-m/nofp\libg.a(libc_a-reallocr.o)
                0x08006f80                _realloc_r
 .text          0x080072d0       0xd0 C:/msys64/mingw64/bin/../lib/gcc/arm-none-eabi/13.3.0/../../../../arm-none-eabi/lib/thumb/v6-m/nofp\libg.a(libc_a-ssputs_r.o)
                0x080072d0                __ssputs_r
 .text          0x080073a0      0x138 C:/msys64/mingw64/bin/../lib/gcc/arm-none-eabi/13.3.0/../../../../arm-none-eabi/lib/thumb/v6-m/nofp\libg.a(libc_a-makebuf.o)
                0x080073a0                __smakebuf_r
                0x08007480                __swhatbuf_r
 .text          0x080074d8       0x28 C:/msys64/mingw64/bin/../lib/gcc/arm-none-eabi/13.3.0/../../../../arm-none-eabi/lib/thumb/v6-m/nofp\libg.a(libc_a-fstatr.o)
                0x080074d8                _fstat_r
 .text          0x08007500       0x24 C:/msys64/mingw64/bin/../lib/gcc/arm-none-eabi/13.3.0/../../../../arm-none-eabi/lib/thumb/v6-m/nofp\libg.a(libc_a-isattyr.o)
                0x08007500                _isatty_r
 .text          0x08007524       0x4c C:/msys64/mingw64/bin/../lib/gcc/arm-none-eabi/13.3.0/../../../../arm-none-eabi/lib/thumb/v6-m/nofp\libg.a(libc_a-assert.o)
                0x08007524                __assert_func
                0x08007564                __assert
 .text          0x08007570       0xa8 C:/msys64/mingw64/bin/../lib/gcc/arm-none-eabi/13.3.0/../../../../arm-none-eabi/lib/thumb/v6-m/nofp\libg.a(libc_a-callocr.o)
                0x08007570                _calloc_r
 .text          0x08007618       0x44 C:/msys64/mingw64/bin/../lib/gcc/arm-none-eabi/13.3.0/../../../../arm-none-eabi/lib/thumb/v6-m/nofp\libg.a(libc_a-mbtowc_r.o)
                0x08007618                _mbtowc_r
                0x08007630                __ascii_mbtowc
 .text          0x0800765c       0x2c C:/msys64/mingw64/bin/../lib/gcc/arm-none-eabi/13.3.0/../../../../arm-none-eabi/lib/thumb/v6-m/nofp\libg.a(libc_a-wctomb_r.o)
                0x0800765c                _wctomb_r
                0x0800766c                __ascii_wctomb
 .text          0x08007688       0x3c C:/msys64/mingw64/bin/../lib/gcc/arm-none-eabi/13.3.0/../../../../arm-none-eabi/lib/thumb/v6-m/nofp\libg.a(libc_a-fiprintf.o)
                0x08007688                _fiprintf_r
                0x080076a0                fiprintf
 .text          0x080076c4      0xc84 C:/msys64/mingw64/bin/../lib/gcc/arm-none-eabi/13.3.0/../../../../arm-none-eabi/lib/thumb/v6-m/nofp\libg.a(libc_a-vfiprintf.o)
                0x080076c4                _vfiprintf_r
                0x080082a4                vfiprintf
 .text          0x08008348       0x10 C:/msys64/mingw64/bin/../lib/gcc/arm-none-eabi/13.3.0/../../../../arm-none-eabi/lib/thumb/v6-m/nofp\libg.a(libc_a-abort.o)
                0x08008348                abort
 .text          0x08008358      0x284 C:/msys64/mingw64/bin/../lib/gcc/arm-none-eabi/13.3.0/../../../../arm-none-eabi/lib/thumb/v6-m/nofp\libg.a(libc_a-signal.o)
                0x08008358                _init_signal_r
                0x0800838c                _signal_r
                0x080083d4                _raise_r
                0x0800842c                __sigtramp_r
                0x0800848c                raise
                0x080084e8                signal
                0x08008538                _init_signal
                0x08008574                __sigtramp
 .text          0x080085dc       0x30 C:/msys64/mingw64/bin/../lib/gcc/arm-none-eabi/13.3.0/../../../../arm-none-eabi/lib/thumb/v6-m/nofp\libg.a(libc_a-signalr.o)
                0x080085dc                _kill_r
                0x08008604                _getpid_r
 .text          0x0800860c       0xa8 C:/msys64/mingw64/bin/../lib/gcc/arm-none-eabi/13.3.0/thumb/v6-m/nofp\libgcc.a(_divsi3.o)
                0x0800860c                __divsi3
                0x0800860c                __aeabi_idiv
                0x080086a0                __aeabi_idivmod
 .text          0x080086b4       0x7c C:/msys64/mingw64/bin/../lib/gcc/arm-none-eabi/13.3.0/thumb/v6-m/nofp\libgcc.a(_arm_cmpdf2.o)
                0x080086b4                __aeabi_cdrcmple
                0x080086c4                __aeabi_cdcmple
                0x080086c4                __aeabi_cdcmpeq
                0x080086d4                __aeabi_dcmpeq
                0x080086e0                __aeabi_dcmplt
                0x080086f4                __aeabi_dcmple
                0x08008708                __aeabi_dcmpgt
                0x0800871c                __aeabi_dcmpge
 .text          0x08008730       0x14 C:/msys64/mingw64/bin/../lib/gcc/arm-none-eabi/13.3.0/thumb/v6-m/nofp\libgcc.a(_thumb1_case_uhi.o)
                0x08008730                __gnu_thumb1_case_uhi
 *(.text*)
 .text.__do_global_dtors_aux
                0x08008744       0x28 C:/msys64/mingw64/bin/../lib/gcc/arm-none-eabi/13.3.0/thumb/v6-m/nofp/crtbegin.o
 .text.frame_dummy
                0x0800876c       0x20 C:/msys64/mingw64/bin/../lib/gcc/arm-none-eabi/13.3.0/thumb/v6-m/nofp/crtbegin.o
 .text.SX1278_SPIRead
                0x0800878c       0x1e CMakeFiles/sensor_unit.elf.dir/Core/Src/SX1278.c.obj
                0x0800878c                SX1278_SPIRead
 .text.SX1278_SPIWrite
                0x080087aa       0x30 CMakeFiles/sensor_unit.elf.dir/Core/Src/SX1278.c.obj
                0x080087aa                SX1278_SPIWrite
 .text.SX1278_SPIBurstRead
                0x080087da       0x48 CMakeFiles/sensor_unit.elf.dir/Core/Src/SX1278.c.obj
                0x080087da                SX1278_SPIBurstRead
 .text.SX1278_SPIBurstWrite
                0x08008822       0x42 CMakeFiles/sensor_unit.elf.dir/Core/Src/SX1278.c.obj
                0x08008822                SX1278_SPIBurstWrite
 .text.SX1278_standby
                0x08008864       0x12 CMakeFiles/sensor_unit.elf.dir/Core/Src/SX1278.c.obj
                0x08008864                SX1278_standby
 .text.SX1278_sleep
                0x08008876       0x12 CMakeFiles/sensor_unit.elf.dir/Core/Src/SX1278.c.obj
                0x08008876                SX1278_sleep
 .text.SX1278_entryLoRa
                0x08008888        0xc CMakeFiles/sensor_unit.elf.dir/Core/Src/SX1278.c.obj
                0x08008888                SX1278_entryLoRa
 .text.SX1278_config
                0x08008894      0x184 CMakeFiles/sensor_unit.elf.dir/Core/Src/SX1278.c.obj
                0x08008894                SX1278_config
 .text.SX1278_clearLoRaIrq
                0x08008a18        0xc CMakeFiles/sensor_unit.elf.dir/Core/Src/SX1278.c.obj
                0x08008a18                SX1278_clearLoRaIrq
 .text.SX1278_LoRaEntryRx
                0x08008a24       0x9c CMakeFiles/sensor_unit.elf.dir/Core/Src/SX1278.c.obj
                0x08008a24                SX1278_LoRaEntryRx
 .text.SX1278_LoRaRxPacket
                0x08008ac0       0x66 CMakeFiles/sensor_unit.elf.dir/Core/Src/SX1278.c.obj
                0x08008ac0                SX1278_LoRaRxPacket
 .text.SX1278_LoRaEntryTx
                0x08008b26       0x82 CMakeFiles/sensor_unit.elf.dir/Core/Src/SX1278.c.obj
                0x08008b26                SX1278_LoRaEntryTx
 .text.SX1278_LoRaTxPacket
                0x08008ba8       0x5a CMakeFiles/sensor_unit.elf.dir/Core/Src/SX1278.c.obj
                0x08008ba8                SX1278_LoRaTxPacket
 .text.SX1278_init
                0x08008c02       0x70 CMakeFiles/sensor_unit.elf.dir/Core/Src/SX1278.c.obj
                0x08008c02                SX1278_init
 .text.SX1278_read
                0x08008c72       0x30 CMakeFiles/sensor_unit.elf.dir/Core/Src/SX1278.c.obj
                0x08008c72                SX1278_read
 .text.SX1278_hw_SetNSS
                0x08008ca2       0x16 CMakeFiles/sensor_unit.elf.dir/Core/Src/SX1278_hw.c.obj
                0x08008ca2                SX1278_hw_SetNSS
 .text.SX1278_hw_init
                0x08008cb8       0x16 CMakeFiles/sensor_unit.elf.dir/Core/Src/SX1278_hw.c.obj
                0x08008cb8                SX1278_hw_init
 .text.SX1278_hw_SPICommand
                0x08008cce       0x2e CMakeFiles/sensor_unit.elf.dir/Core/Src/SX1278_hw.c.obj
                0x08008cce                SX1278_hw_SPICommand
 .text.SX1278_hw_SPIReadByte
                0x08008cfc       0x40 CMakeFiles/sensor_unit.elf.dir/Core/Src/SX1278_hw.c.obj
                0x08008cfc                SX1278_hw_SPIReadByte
 .text.SX1278_hw_DelayMs
                0x08008d3c        0x8 CMakeFiles/sensor_unit.elf.dir/Core/Src/SX1278_hw.c.obj
                0x08008d3c                SX1278_hw_DelayMs
 .text.SX1278_hw_Reset
                0x08008d44       0x2c CMakeFiles/sensor_unit.elf.dir/Core/Src/SX1278_hw.c.obj
                0x08008d44                SX1278_hw_Reset
 .text.SX1278_hw_GetDIO0
                0x08008d70       0x14 CMakeFiles/sensor_unit.elf.dir/Core/Src/SX1278_hw.c.obj
                0x08008d70                SX1278_hw_GetDIO0
 .text.MX_ADC_Init
                0x08008d84       0x84 CMakeFiles/sensor_unit.elf.dir/Core/Src/adc.c.obj
                0x08008d84                MX_ADC_Init
 .text.HAL_ADC_MspInit
                0x08008e08       0x20 CMakeFiles/sensor_unit.elf.dir/Core/Src/adc.c.obj
                0x08008e08                HAL_ADC_MspInit
 .text.MX_GPIO_Init
                0x08008e28      0x10c CMakeFiles/sensor_unit.elf.dir/Core/Src/gpio.c.obj
                0x08008e28                MX_GPIO_Init
 .text.MX_LPTIM1_Init
                0x08008f34       0x34 CMakeFiles/sensor_unit.elf.dir/Core/Src/lptim.c.obj
                0x08008f34                MX_LPTIM1_Init
 .text.HAL_LPTIM_MspInit
                0x08008f68       0x20 CMakeFiles/sensor_unit.elf.dir/Core/Src/lptim.c.obj
                0x08008f68                HAL_LPTIM_MspInit
 .text.Error_Handler
                0x08008f88        0x4 CMakeFiles/sensor_unit.elf.dir/Core/Src/main.c.obj
                0x08008f88                Error_Handler
 .text.SystemClock_Config
                0x08008f8c       0xa8 CMakeFiles/sensor_unit.elf.dir/Core/Src/main.c.obj
                0x08008f8c                SystemClock_Config
 .text.main     0x08009034      0x1d4 CMakeFiles/sensor_unit.elf.dir/Core/Src/main.c.obj
                0x08009034                main
 .text.MX_SPI1_Init
                0x08009208       0x44 CMakeFiles/sensor_unit.elf.dir/Core/Src/spi.c.obj
                0x08009208                MX_SPI1_Init
 .text.HAL_SPI_MspInit
                0x0800924c       0x98 CMakeFiles/sensor_unit.elf.dir/Core/Src/spi.c.obj
                0x0800924c                HAL_SPI_MspInit
 .text.HAL_MspInit
                0x080092e4       0x1c CMakeFiles/sensor_unit.elf.dir/Core/Src/stm32l0xx_hal_msp.c.obj
                0x080092e4                HAL_MspInit
 .text.NMI_Handler
                0x08009300        0x2 CMakeFiles/sensor_unit.elf.dir/Core/Src/stm32l0xx_it.c.obj
                0x08009300                NMI_Handler
 .text.HardFault_Handler
                0x08009302        0x2 CMakeFiles/sensor_unit.elf.dir/Core/Src/stm32l0xx_it.c.obj
                0x08009302                HardFault_Handler
 .text.SVC_Handler
                0x08009304        0x2 CMakeFiles/sensor_unit.elf.dir/Core/Src/stm32l0xx_it.c.obj
                0x08009304                SVC_Handler
 .text.PendSV_Handler
                0x08009306        0x2 CMakeFiles/sensor_unit.elf.dir/Core/Src/stm32l0xx_it.c.obj
                0x08009306                PendSV_Handler
 .text.SysTick_Handler
                0x08009308        0x8 CMakeFiles/sensor_unit.elf.dir/Core/Src/stm32l0xx_it.c.obj
                0x08009308                SysTick_Handler
 .text.EXTI4_15_IRQHandler
                0x08009310        0xc CMakeFiles/sensor_unit.elf.dir/Core/Src/stm32l0xx_it.c.obj
                0x08009310                EXTI4_15_IRQHandler
 .text._getpid  0x0800931c        0x4 CMakeFiles/sensor_unit.elf.dir/Core/Src/syscalls.c.obj
                0x0800931c                _getpid
 .text._kill    0x08009320       0x10 CMakeFiles/sensor_unit.elf.dir/Core/Src/syscalls.c.obj
                0x08009320                _kill
 .text._exit    0x08009330        0xc CMakeFiles/sensor_unit.elf.dir/Core/Src/syscalls.c.obj
                0x08009330                _exit
 .text._read    0x0800933c       0x1c CMakeFiles/sensor_unit.elf.dir/Core/Src/syscalls.c.obj
                0x0800933c                _read
 .text._write   0x08009358       0x1c CMakeFiles/sensor_unit.elf.dir/Core/Src/syscalls.c.obj
                0x08009358                _write
 .text._close   0x08009374        0x6 CMakeFiles/sensor_unit.elf.dir/Core/Src/syscalls.c.obj
                0x08009374                _close
 .text._fstat   0x0800937a        0xa CMakeFiles/sensor_unit.elf.dir/Core/Src/syscalls.c.obj
                0x0800937a                _fstat
 .text._isatty  0x08009384        0x4 CMakeFiles/sensor_unit.elf.dir/Core/Src/syscalls.c.obj
                0x08009384                _isatty
 .text._lseek   0x08009388        0x4 CMakeFiles/sensor_unit.elf.dir/Core/Src/syscalls.c.obj
                0x08009388                _lseek
 .text._sbrk    0x0800938c       0x48 CMakeFiles/sensor_unit.elf.dir/Core/Src/sysmem.c.obj
                0x0800938c                _sbrk
 .text.SystemInit
                0x080093d4        0x2 CMakeFiles/sensor_unit.elf.dir/Core/Src/system_stm32l0xx.c.obj
                0x080093d4                SystemInit
 *fill*         0x080093d6        0x2 
 .text.Reset_Handler
                0x080093d8       0x50 CMakeFiles/sensor_unit.elf.dir/Core/Startup/startup_stm32l031k6tx.s.obj
                0x080093d8                Reset_Handler
 .text.Default_Handler
                0x08009428        0x2 CMakeFiles/sensor_unit.elf.dir/Core/Startup/startup_stm32l031k6tx.s.obj
                0x08009428                ADC1_COMP_IRQHandler
                0x08009428                PVD_IRQHandler
                0x08009428                I2C1_IRQHandler
                0x08009428                SPI1_IRQHandler
                0x08009428                EXTI2_3_IRQHandler
                0x08009428                RTC_IRQHandler
                0x08009428                DMA1_Channel4_5_6_7_IRQHandler
                0x08009428                RCC_IRQHandler
                0x08009428                DMA1_Channel1_IRQHandler
                0x08009428                Default_Handler
                0x08009428                TIM22_IRQHandler
                0x08009428                EXTI0_1_IRQHandler
                0x08009428                TIM21_IRQHandler
                0x08009428                WWDG_IRQHandler
                0x08009428                LPUART1_IRQHandler
                0x08009428                TIM2_IRQHandler
                0x08009428                DMA1_Channel2_3_IRQHandler
                0x08009428                USART2_IRQHandler
                0x08009428                FLASH_IRQHandler
                0x08009428                LPTIM1_IRQHandler
 *fill*         0x0800942a        0x2 
 .text.HAL_InitTick
                0x0800942c       0x50 CMakeFiles/sensor_unit.elf.dir/Drivers/STM32L0xx_HAL_Driver/Src/stm32l0xx_hal.c.obj
                0x0800942c                HAL_InitTick
 .text.HAL_Init
                0x0800947c       0x28 CMakeFiles/sensor_unit.elf.dir/Drivers/STM32L0xx_HAL_Driver/Src/stm32l0xx_hal.c.obj
                0x0800947c                HAL_Init
 .text.HAL_IncTick
                0x080094a4       0x18 CMakeFiles/sensor_unit.elf.dir/Drivers/STM32L0xx_HAL_Driver/Src/stm32l0xx_hal.c.obj
                0x080094a4                HAL_IncTick
 .text.HAL_GetTick
                0x080094bc        0xc CMakeFiles/sensor_unit.elf.dir/Drivers/STM32L0xx_HAL_Driver/Src/stm32l0xx_hal.c.obj
                0x080094bc                HAL_GetTick
 .text.HAL_Delay
                0x080094c8       0x24 CMakeFiles/sensor_unit.elf.dir/Drivers/STM32L0xx_HAL_Driver/Src/stm32l0xx_hal.c.obj
                0x080094c8                HAL_Delay
 .text.ADC_DelayMicroSecond
                0x080094ec       0x30 CMakeFiles/sensor_unit.elf.dir/Drivers/STM32L0xx_HAL_Driver/Src/stm32l0xx_hal_adc.c.obj
 .text.HAL_ADC_Init
                0x0800951c      0x1ec CMakeFiles/sensor_unit.elf.dir/Drivers/STM32L0xx_HAL_Driver/Src/stm32l0xx_hal_adc.c.obj
                0x0800951c                HAL_ADC_Init
 .text.HAL_ADC_ConfigChannel
                0x08009708       0xbc CMakeFiles/sensor_unit.elf.dir/Drivers/STM32L0xx_HAL_Driver/Src/stm32l0xx_hal_adc.c.obj
                0x08009708                HAL_ADC_ConfigChannel
 .text.__NVIC_SetPriority
                0x080097c4       0x60 CMakeFiles/sensor_unit.elf.dir/Drivers/STM32L0xx_HAL_Driver/Src/stm32l0xx_hal_cortex.c.obj
 .text.SysTick_Config
                0x08009824       0x38 CMakeFiles/sensor_unit.elf.dir/Drivers/STM32L0xx_HAL_Driver/Src/stm32l0xx_hal_cortex.c.obj
 .text.HAL_NVIC_SetPriority
                0x0800985c        0x8 CMakeFiles/sensor_unit.elf.dir/Drivers/STM32L0xx_HAL_Driver/Src/stm32l0xx_hal_cortex.c.obj
                0x0800985c                HAL_NVIC_SetPriority
 .text.HAL_NVIC_EnableIRQ
                0x08009864       0x18 CMakeFiles/sensor_unit.elf.dir/Drivers/STM32L0xx_HAL_Driver/Src/stm32l0xx_hal_cortex.c.obj
                0x08009864                HAL_NVIC_EnableIRQ
 .text.HAL_SYSTICK_Config
                0x0800987c        0x8 CMakeFiles/sensor_unit.elf.dir/Drivers/STM32L0xx_HAL_Driver/Src/stm32l0xx_hal_cortex.c.obj
                0x0800987c                HAL_SYSTICK_Config
 .text.HAL_GPIO_Init
                0x08009884      0x17c CMakeFiles/sensor_unit.elf.dir/Drivers/STM32L0xx_HAL_Driver/Src/stm32l0xx_hal_gpio.c.obj
                0x08009884                HAL_GPIO_Init
 .text.HAL_GPIO_ReadPin
                0x08009a00        0xe CMakeFiles/sensor_unit.elf.dir/Drivers/STM32L0xx_HAL_Driver/Src/stm32l0xx_hal_gpio.c.obj
                0x08009a00                HAL_GPIO_ReadPin
 .text.HAL_GPIO_WritePin
                0x08009a0e        0xc CMakeFiles/sensor_unit.elf.dir/Drivers/STM32L0xx_HAL_Driver/Src/stm32l0xx_hal_gpio.c.obj
                0x08009a0e                HAL_GPIO_WritePin
 .text.HAL_GPIO_TogglePin
                0x08009a1a       0x10 CMakeFiles/sensor_unit.elf.dir/Drivers/STM32L0xx_HAL_Driver/Src/stm32l0xx_hal_gpio.c.obj
                0x08009a1a                HAL_GPIO_TogglePin
 .text.HAL_GPIO_EXTI_Callback
                0x08009a2a        0x2 CMakeFiles/sensor_unit.elf.dir/Drivers/STM32L0xx_HAL_Driver/Src/stm32l0xx_hal_gpio.c.obj
                0x08009a2a                HAL_GPIO_EXTI_Callback
 .text.HAL_GPIO_EXTI_IRQHandler
                0x08009a2c       0x1c CMakeFiles/sensor_unit.elf.dir/Drivers/STM32L0xx_HAL_Driver/Src/stm32l0xx_hal_gpio.c.obj
                0x08009a2c                HAL_GPIO_EXTI_IRQHandler
 .text.HAL_LPTIM_Init
                0x08009a48       0xa8 CMakeFiles/sensor_unit.elf.dir/Drivers/STM32L0xx_HAL_Driver/Src/stm32l0xx_hal_lptim.c.obj
                0x08009a48                HAL_LPTIM_Init
 .text.HAL_PWR_EnableBkUpAccess
                0x08009af0       0x14 CMakeFiles/sensor_unit.elf.dir/Drivers/STM32L0xx_HAL_Driver/Src/stm32l0xx_hal_pwr.c.obj
                0x08009af0                HAL_PWR_EnableBkUpAccess
 .text.HAL_RCC_GetSysClockFreq
                0x08009b04       0xb0 CMakeFiles/sensor_unit.elf.dir/Drivers/STM32L0xx_HAL_Driver/Src/stm32l0xx_hal_rcc.c.obj
                0x08009b04                HAL_RCC_GetSysClockFreq
 .text.HAL_RCC_OscConfig
                0x08009bb4      0x51c CMakeFiles/sensor_unit.elf.dir/Drivers/STM32L0xx_HAL_Driver/Src/stm32l0xx_hal_rcc.c.obj
                0x08009bb4                HAL_RCC_OscConfig
 .text.HAL_RCC_ClockConfig
                0x0800a0d0      0x1d8 CMakeFiles/sensor_unit.elf.dir/Drivers/STM32L0xx_HAL_Driver/Src/stm32l0xx_hal_rcc.c.obj
                0x0800a0d0                HAL_RCC_ClockConfig
 .text.HAL_RCCEx_PeriphCLKConfig
                0x0800a2a8      0x1a0 CMakeFiles/sensor_unit.elf.dir/Drivers/STM32L0xx_HAL_Driver/Src/stm32l0xx_hal_rcc_ex.c.obj
                0x0800a2a8                HAL_RCCEx_PeriphCLKConfig
 .text.SPI_WaitFlagStateUntilTimeout
                0x0800a448       0xe0 CMakeFiles/sensor_unit.elf.dir/Drivers/STM32L0xx_HAL_Driver/Src/stm32l0xx_hal_spi.c.obj
 .text.SPI_EndRxTxTransaction
                0x0800a528       0x70 CMakeFiles/sensor_unit.elf.dir/Drivers/STM32L0xx_HAL_Driver/Src/stm32l0xx_hal_spi.c.obj
 .text.HAL_SPI_Init
                0x0800a598       0xbe CMakeFiles/sensor_unit.elf.dir/Drivers/STM32L0xx_HAL_Driver/Src/stm32l0xx_hal_spi.c.obj
                0x0800a598                HAL_SPI_Init
 .text.HAL_SPI_Transmit
                0x0800a656      0x1b2 CMakeFiles/sensor_unit.elf.dir/Drivers/STM32L0xx_HAL_Driver/Src/stm32l0xx_hal_spi.c.obj
                0x0800a656                HAL_SPI_Transmit
 .text.HAL_SPI_TransmitReceive
                0x0800a808      0x23e CMakeFiles/sensor_unit.elf.dir/Drivers/STM32L0xx_HAL_Driver/Src/stm32l0xx_hal_spi.c.obj
                0x0800a808                HAL_SPI_TransmitReceive
 .text.HAL_SPI_GetState
                0x0800aa46        0x8 CMakeFiles/sensor_unit.elf.dir/Drivers/STM32L0xx_HAL_Driver/Src/stm32l0xx_hal_spi.c.obj
                0x0800aa46                HAL_SPI_GetState
 .text.__muldi3
                0x0800aa4e       0x44 C:/msys64/mingw64/bin/../lib/gcc/arm-none-eabi/13.3.0/thumb/v6-m/nofp\libgcc.a(_muldi3.o)
                0x0800aa4e                __muldi3
                0x0800aa4e                __aeabi_lmul
 .text.__udivmoddi4
                0x0800aa92       0xde C:/msys64/mingw64/bin/../lib/gcc/arm-none-eabi/13.3.0/thumb/v6-m/nofp\libgcc.a(_udivmoddi4.o)
                0x0800aa92                __udivmoddi4
 .text.startup  0x0800ab70       0x18 C:/msys64/mingw64/bin/../lib/gcc/arm-none-eabi/13.3.0/../../../../arm-none-eabi/lib/thumb/v6-m/nofp\libg.a(libc_a-__call_atexit.o)
 .text.__aeabi_dadd
                0x0800ab88      0x5b4 C:/msys64/mingw64/bin/../lib/gcc/arm-none-eabi/13.3.0/thumb/v6-m/nofp\libgcc.a(adddf3.o)
                0x0800ab88                __aeabi_dadd
 .text.__aeabi_ddiv
                0x0800b13c      0x504 C:/msys64/mingw64/bin/../lib/gcc/arm-none-eabi/13.3.0/thumb/v6-m/nofp\libgcc.a(divdf3.o)
                0x0800b13c                __aeabi_ddiv
 .text.__eqdf2  0x0800b640       0x84 C:/msys64/mingw64/bin/../lib/gcc/arm-none-eabi/13.3.0/thumb/v6-m/nofp\libgcc.a(eqdf2.o)
                0x0800b640                __nedf2
                0x0800b640                __eqdf2
 .text.__gedf2  0x0800b6c4       0xc8 C:/msys64/mingw64/bin/../lib/gcc/arm-none-eabi/13.3.0/thumb/v6-m/nofp\libgcc.a(gedf2.o)
                0x0800b6c4                __gedf2
                0x0800b6c4                __gtdf2
 .text.__ledf2  0x0800b78c       0xc8 C:/msys64/mingw64/bin/../lib/gcc/arm-none-eabi/13.3.0/thumb/v6-m/nofp\libgcc.a(ledf2.o)
                0x0800b78c                __ledf2
                0x0800b78c                __ltdf2
 .text.__aeabi_dmul
                0x0800b854      0x44c C:/msys64/mingw64/bin/../lib/gcc/arm-none-eabi/13.3.0/thumb/v6-m/nofp\libgcc.a(muldf3.o)
                0x0800b854                __aeabi_dmul
 .text.__aeabi_dsub
                0x0800bca0      0x5b4 C:/msys64/mingw64/bin/../lib/gcc/arm-none-eabi/13.3.0/thumb/v6-m/nofp\libgcc.a(subdf3.o)
                0x0800bca0                __aeabi_dsub
 .text.__aeabi_dcmpun
                0x0800c254       0x3c C:/msys64/mingw64/bin/../lib/gcc/arm-none-eabi/13.3.0/thumb/v6-m/nofp\libgcc.a(unorddf2.o)
                0x0800c254                __aeabi_dcmpun
 .text.__aeabi_d2iz
                0x0800c290       0x64 C:/msys64/mingw64/bin/../lib/gcc/arm-none-eabi/13.3.0/thumb/v6-m/nofp\libgcc.a(fixdfsi.o)
                0x0800c290                __aeabi_d2iz
 .text.__aeabi_i2d
                0x0800c2f4       0x54 C:/msys64/mingw64/bin/../lib/gcc/arm-none-eabi/13.3.0/thumb/v6-m/nofp\libgcc.a(floatsidf.o)
                0x0800c2f4                __aeabi_i2d
 .text.__aeabi_ui2d
                0x0800c348       0x40 C:/msys64/mingw64/bin/../lib/gcc/arm-none-eabi/13.3.0/thumb/v6-m/nofp\libgcc.a(floatunsidf.o)
                0x0800c348                __aeabi_ui2d
 *(.glue_7)
 .glue_7        0x0800c388        0x0 linker stubs
 *(.glue_7t)
 .glue_7t       0x0800c388        0x0 linker stubs
 *(.eh_frame)
 .eh_frame      0x0800c388        0x0 C:/msys64/mingw64/bin/../lib/gcc/arm-none-eabi/13.3.0/thumb/v6-m/nofp/crtbegin.o
 *(.init)
 .init          0x0800c388        0x4 C:/msys64/mingw64/bin/../lib/gcc/arm-none-eabi/13.3.0/thumb/v6-m/nofp/crti.o
                0x0800c388                _init
 .init          0x0800c38c        0x8 C:/msys64/mingw64/bin/../lib/gcc/arm-none-eabi/13.3.0/thumb/v6-m/nofp/crtn.o
 *(.fini)
 .fini          0x0800c394        0x4 C:/msys64/mingw64/bin/../lib/gcc/arm-none-eabi/13.3.0/thumb/v6-m/nofp/crti.o
                0x0800c394                _fini
 .fini          0x0800c398        0x8 C:/msys64/mingw64/bin/../lib/gcc/arm-none-eabi/13.3.0/thumb/v6-m/nofp/crtn.o
                0x0800c3a0                        . = ALIGN (0x4)
                0x0800c3a0                        _etext = .

.vfp11_veneer   0x0800c3a0        0x0
 .vfp11_veneer  0x0800c3a0        0x0 linker stubs

.v4_bx          0x0800c3a0        0x0
 .v4_bx         0x0800c3a0        0x0 linker stubs

.iplt           0x0800c3a0        0x0
 .iplt          0x0800c3a0        0x0 C:/msys64/mingw64/bin/../lib/gcc/arm-none-eabi/13.3.0/thumb/v6-m/nofp/crtbegin.o

.rodata         0x0800c3a0      0xa7c
                0x0800c3a0                        . = ALIGN (0x4)
 *(.rodata)
 .rodata        0x0800c3a0      0x224 C:/msys64/mingw64/bin/../lib/gcc/arm-none-eabi/13.3.0/../../../../arm-none-eabi/lib/thumb/v6-m/nofp\libg.a(libc_a-svfprintf.o)
 .rodata        0x0800c5c4      0x224 C:/msys64/mingw64/bin/../lib/gcc/arm-none-eabi/13.3.0/../../../../arm-none-eabi/lib/thumb/v6-m/nofp\libg.a(libc_a-vfprintf.o)
 .rodata        0x0800c7e8      0x128 C:/msys64/mingw64/bin/../lib/gcc/arm-none-eabi/13.3.0/../../../../arm-none-eabi/lib/thumb/v6-m/nofp\libg.a(libc_a-mprec.o)
                0x0800c7f8                __mprec_tinytens
                0x0800c820                __mprec_bigtens
                0x0800c848                __mprec_tens
 .rodata        0x0800c910      0x101 C:/msys64/mingw64/bin/../lib/gcc/arm-none-eabi/13.3.0/../../../../arm-none-eabi/lib/thumb/v6-m/nofp\libg.a(libc_a-ctype_.o)
                0x0800c910                _ctype_
 *fill*         0x0800ca11        0x3 
 .rodata        0x0800ca14      0x18c C:/msys64/mingw64/bin/../lib/gcc/arm-none-eabi/13.3.0/../../../../arm-none-eabi/lib/thumb/v6-m/nofp\libg.a(libc_a-vfiprintf.o)
 *(.rodata*)
 .rodata.SX1278_CRC_Sum
                0x0800cba0        0x2 CMakeFiles/sensor_unit.elf.dir/Core/Src/SX1278.c.obj
 *fill*         0x0800cba2        0x2 
 .rodata.SX1278_CodingRate
                0x0800cba4        0x4 CMakeFiles/sensor_unit.elf.dir/Core/Src/SX1278.c.obj
 .rodata.SX1278_LoRaBandwidth
                0x0800cba8        0xa CMakeFiles/sensor_unit.elf.dir/Core/Src/SX1278.c.obj
 *fill*         0x0800cbb2        0x2 
 .rodata.SX1278_SpreadFactor
                0x0800cbb4        0x7 CMakeFiles/sensor_unit.elf.dir/Core/Src/SX1278.c.obj
 *fill*         0x0800cbbb        0x1 
 .rodata.SX1278_Power
                0x0800cbbc        0x4 CMakeFiles/sensor_unit.elf.dir/Core/Src/SX1278.c.obj
 .rodata.main.str1.4
                0x0800cbc0      0x23f CMakeFiles/sensor_unit.elf.dir/Core/Src/main.c.obj
                                0x10a (size before relaxing)
 *fill*         0x0800cdff        0x1 
 .rodata.PLLMulTable
                0x0800ce00        0x9 CMakeFiles/sensor_unit.elf.dir/Core/Src/system_stm32l0xx.c.obj
                0x0800ce00                PLLMulTable
 *fill*         0x0800ce09        0x3 
 .rodata.AHBPrescTable
                0x0800ce0c       0x10 CMakeFiles/sensor_unit.elf.dir/Core/Src/system_stm32l0xx.c.obj
                0x0800ce0c                AHBPrescTable
 .rodata.str1.4
                0x0800ce1c        0x2 C:/msys64/mingw64/bin/../lib/gcc/arm-none-eabi/13.3.0/../../../../arm-none-eabi/lib/thumb/v6-m/nofp\libg.a(libc_a-puts.o)
 .rodata.str1.4
                0x0800ce1c       0x42 C:/msys64/mingw64/bin/../lib/gcc/arm-none-eabi/13.3.0/../../../../arm-none-eabi/lib/thumb/v6-m/nofp\libg.a(libc_a-svfprintf.o)
 .rodata.str1.4
                0x0800ce1c       0x42 C:/msys64/mingw64/bin/../lib/gcc/arm-none-eabi/13.3.0/../../../../arm-none-eabi/lib/thumb/v6-m/nofp\libg.a(libc_a-vfprintf.o)
 .rodata.str1.4
                0x0800ce1c       0x63 C:/msys64/mingw64/bin/../lib/gcc/arm-none-eabi/13.3.0/../../../../arm-none-eabi/lib/thumb/v6-m/nofp\libg.a(libc_a-dtoa.o)
 .rodata.str1.4
                0x0800ce1c       0x50 C:/msys64/mingw64/bin/../lib/gcc/arm-none-eabi/13.3.0/../../../../arm-none-eabi/lib/thumb/v6-m/nofp\libg.a(libc_a-mprec.o)
 .rodata.str1.4
                0x0800ce1c       0x12 C:/msys64/mingw64/bin/../lib/gcc/arm-none-eabi/13.3.0/../../../../arm-none-eabi/lib/thumb/v6-m/nofp\libg.a(libc_a-locale.o)
 .rodata.str1.4
                0x0800ce1c       0x43 C:/msys64/mingw64/bin/../lib/gcc/arm-none-eabi/13.3.0/../../../../arm-none-eabi/lib/thumb/v6-m/nofp\libg.a(libc_a-assert.o)
 .rodata.str1.4
                0x0800ce1c       0x2f C:/msys64/mingw64/bin/../lib/gcc/arm-none-eabi/13.3.0/../../../../arm-none-eabi/lib/thumb/v6-m/nofp\libg.a(libc_a-vfiprintf.o)
                0x0800ce80                        . = ALIGN (0x4)

.ARM.extab      0x0800ce1c        0x0
                0x0800ce1c                        . = ALIGN (0x4)
 *(.ARM.extab* .gnu.linkonce.armextab.*)
                0x0800ce1c                        . = ALIGN (0x4)

.ARM            0x0800ce1c        0x8
                0x0800ce1c                        . = ALIGN (0x4)
                0x0800ce1c                        __exidx_start = .
 *(.ARM.exidx*)
 .ARM.exidx.text.__udivmoddi4
                0x0800ce1c        0x8 C:/msys64/mingw64/bin/../lib/gcc/arm-none-eabi/13.3.0/thumb/v6-m/nofp\libgcc.a(_udivmoddi4.o)
                0x0800ce24                        __exidx_end = .
                0x0800ce24                        . = ALIGN (0x4)

.preinit_array  0x0800ce24        0x0
                0x0800ce24                        . = ALIGN (0x4)
                0x0800ce24                        PROVIDE (__preinit_array_start = .)
 *(.preinit_array*)
                0x0800ce24                        PROVIDE (__preinit_array_end = .)
                0x0800ce24                        . = ALIGN (0x4)

.init_array     0x0800ce24        0x8
                0x0800ce24                        . = ALIGN (0x4)
                0x0800ce24                        PROVIDE (__init_array_start = .)
 *(SORT_BY_NAME(.init_array.*))
 .init_array.00000
                0x0800ce24        0x4 C:/msys64/mingw64/bin/../lib/gcc/arm-none-eabi/13.3.0/../../../../arm-none-eabi/lib/thumb/v6-m/nofp\libg.a(libc_a-__call_atexit.o)
 *(.init_array*)
 .init_array    0x0800ce28        0x4 C:/msys64/mingw64/bin/../lib/gcc/arm-none-eabi/13.3.0/thumb/v6-m/nofp/crtbegin.o
                0x0800ce2c                        PROVIDE (__init_array_end = .)
                0x0800ce2c                        . = ALIGN (0x4)

.fini_array     0x0800ce2c        0x4
                0x0800ce2c                        . = ALIGN (0x4)
                0x0800ce2c                        PROVIDE (__fini_array_start = .)
 *(SORT_BY_NAME(.fini_array.*))
 *(.fini_array*)
 .fini_array    0x0800ce2c        0x4 C:/msys64/mingw64/bin/../lib/gcc/arm-none-eabi/13.3.0/thumb/v6-m/nofp/crtbegin.o
                0x0800ce30                        PROVIDE (__fini_array_end = .)
                0x0800ce30                        . = ALIGN (0x4)
                0x0800ce30                        _sidata = LOADADDR (.data)

.rel.dyn        0x0800ce30        0x0
 .rel.iplt      0x0800ce30        0x0 C:/msys64/mingw64/bin/../lib/gcc/arm-none-eabi/13.3.0/thumb/v6-m/nofp/crtbegin.o

.data           0x20000000      0x6cc load address 0x0800ce30
                0x20000000                        . = ALIGN (0x4)
                0x20000000                        _sdata = .
 *(.data)
 .data          0x20000000        0xc C:/msys64/mingw64/bin/../lib/gcc/arm-none-eabi/13.3.0/../../../../arm-none-eabi/lib/thumb/v6-m/nofp\libg.a(libc_a-findfp.o)
                0x20000000                __sglue
 *fill*         0x2000000c        0x4 
 .data          0x20000010      0x128 C:/msys64/mingw64/bin/../lib/gcc/arm-none-eabi/13.3.0/../../../../arm-none-eabi/lib/thumb/v6-m/nofp\libg.a(libc_a-impure.o)
                0x20000010                _impure_ptr
                0x20000018                _impure_data
 .data          0x20000138        0x4 C:/msys64/mingw64/bin/../lib/gcc/arm-none-eabi/13.3.0/../../../../arm-none-eabi/lib/thumb/v6-m/nofp\libg.a(libc_a-__call_atexit.o)
                0x20000138                __atexit_recursive_mutex
 *fill*         0x2000013c        0x4 
 .data          0x20000140      0x410 C:/msys64/mingw64/bin/../lib/gcc/arm-none-eabi/13.3.0/../../../../arm-none-eabi/lib/thumb/v6-m/nofp\libg.a(libc_a-mallocr.o)
                0x20000140                __malloc_sbrk_base
                0x20000144                __malloc_trim_threshold
                0x20000148                __malloc_av_
 .data          0x20000550      0x16c C:/msys64/mingw64/bin/../lib/gcc/arm-none-eabi/13.3.0/../../../../arm-none-eabi/lib/thumb/v6-m/nofp\libg.a(libc_a-locale.o)
                0x20000550                __global_locale
 *(.data*)
 .data.master   0x200006bc        0x1 CMakeFiles/sensor_unit.elf.dir/Core/Src/main.c.obj
                0x200006bc                master
 *fill*         0x200006bd        0x3 
 .data.SystemCoreClock
                0x200006c0        0x4 CMakeFiles/sensor_unit.elf.dir/Core/Src/system_stm32l0xx.c.obj
                0x200006c0                SystemCoreClock
 .data.uwTickFreq
                0x200006c4        0x1 CMakeFiles/sensor_unit.elf.dir/Drivers/STM32L0xx_HAL_Driver/Src/stm32l0xx_hal.c.obj
                0x200006c4                uwTickFreq
 *fill*         0x200006c5        0x3 
 .data.uwTickPrio
                0x200006c8        0x4 CMakeFiles/sensor_unit.elf.dir/Drivers/STM32L0xx_HAL_Driver/Src/stm32l0xx_hal.c.obj
                0x200006c8                uwTickPrio
 *(.RamFunc)
 *(.RamFunc*)
                0x200006cc                        . = ALIGN (0x4)
                0x200006cc                        _edata = .

.igot.plt       0x200006cc        0x0 load address 0x0800d4fc
 .igot.plt      0x200006cc        0x0 C:/msys64/mingw64/bin/../lib/gcc/arm-none-eabi/13.3.0/thumb/v6-m/nofp/crtbegin.o
                0x200006cc                        . = ALIGN (0x4)

.bss            0x200006d0      0x77c load address 0x0800d4fc
                0x200006d0                        _sbss = .
                0x200006d0                        __bss_start__ = _sbss
 *(.bss)
 .bss           0x200006d0      0x13c C:/msys64/mingw64/bin/../lib/gcc/arm-none-eabi/13.3.0/../../../../arm-none-eabi/lib/thumb/v6-m/nofp\libg.a(libc_a-findfp.o)
                0x200006d0                __stdio_exit_handler
                0x200006d4                __sf
 .bss           0x2000080c        0x4 C:/msys64/mingw64/bin/../lib/gcc/arm-none-eabi/13.3.0/../../../../arm-none-eabi/lib/thumb/v6-m/nofp\libg.a(libc_a-reent.o)
                0x2000080c                errno
 .bss           0x20000810       0x1d C:/msys64/mingw64/bin/../lib/gcc/arm-none-eabi/13.3.0/../../../../arm-none-eabi/lib/thumb/v6-m/nofp\libg.a(libc_a-lock.o)
                0x20000810                __lock___arc4random_mutex
                0x20000814                __lock___dd_hash_mutex
                0x20000818                __lock___tz_mutex
                0x2000081c                __lock___env_recursive_mutex
                0x20000820                __lock___malloc_recursive_mutex
                0x20000824                __lock___at_quick_exit_mutex
                0x20000828                __lock___atexit_recursive_mutex
                0x2000082c                __lock___sfp_recursive_mutex
 *fill*         0x2000082d        0x3 
 .bss           0x20000830      0x190 C:/msys64/mingw64/bin/../lib/gcc/arm-none-eabi/13.3.0/../../../../arm-none-eabi/lib/thumb/v6-m/nofp\libg.a(libc_a-__atexit.o)
                0x20000830                __atexit0
 .bss           0x200009c0        0x4 C:/msys64/mingw64/bin/../lib/gcc/arm-none-eabi/13.3.0/../../../../arm-none-eabi/lib/thumb/v6-m/nofp\libg.a(libc_a-__call_atexit.o)
                0x200009c0                __atexit
 .bss           0x200009c4       0x34 C:/msys64/mingw64/bin/../lib/gcc/arm-none-eabi/13.3.0/../../../../arm-none-eabi/lib/thumb/v6-m/nofp\libg.a(libc_a-mallocr.o)
                0x200009c4                __malloc_top_pad
                0x200009c8                __malloc_current_mallinfo
                0x200009f0                __malloc_max_sbrked_mem
                0x200009f4                __malloc_max_total_mem
 *(.bss*)
 .bss.completed.1
                0x200009f8        0x1 C:/msys64/mingw64/bin/../lib/gcc/arm-none-eabi/13.3.0/thumb/v6-m/nofp/crtbegin.o
 *fill*         0x200009f9        0x3 
 .bss.object.0  0x200009fc       0x18 C:/msys64/mingw64/bin/../lib/gcc/arm-none-eabi/13.3.0/thumb/v6-m/nofp/crtbegin.o
 .bss.hadc      0x20000a14       0x5c CMakeFiles/sensor_unit.elf.dir/Core/Src/adc.c.obj
                0x20000a14                hadc
 .bss.hlptim1   0x20000a70       0x30 CMakeFiles/sensor_unit.elf.dir/Core/Src/lptim.c.obj
                0x20000a70                hlptim1
 .bss.message_length
                0x20000aa0        0x4 CMakeFiles/sensor_unit.elf.dir/Core/Src/main.c.obj
                0x20000aa0                message_length
 .bss.message   0x20000aa4        0x4 CMakeFiles/sensor_unit.elf.dir/Core/Src/main.c.obj
                0x20000aa4                message
 .bss.buffer    0x20000aa8      0x200 CMakeFiles/sensor_unit.elf.dir/Core/Src/main.c.obj
                0x20000aa8                buffer
 .bss.ret       0x20000ca8        0x4 CMakeFiles/sensor_unit.elf.dir/Core/Src/main.c.obj
                0x20000ca8                ret
 *fill*         0x20000cac        0x4 
 .bss.SX1278    0x20000cb0      0x120 CMakeFiles/sensor_unit.elf.dir/Core/Src/main.c.obj
                0x20000cb0                SX1278
 .bss.SX1278_hw
                0x20000dd0       0x1c CMakeFiles/sensor_unit.elf.dir/Core/Src/main.c.obj
                0x20000dd0                SX1278_hw
 .bss.hspi1     0x20000dec       0x58 CMakeFiles/sensor_unit.elf.dir/Core/Src/spi.c.obj
                0x20000dec                hspi1
 .bss.__sbrk_heap_end
                0x20000e44        0x4 CMakeFiles/sensor_unit.elf.dir/Core/Src/sysmem.c.obj
 .bss.uwTick    0x20000e48        0x4 CMakeFiles/sensor_unit.elf.dir/Drivers/STM32L0xx_HAL_Driver/Src/stm32l0xx_hal.c.obj
                0x20000e48                uwTick
 *(COMMON)
                0x20000e4c                        . = ALIGN (0x4)
                0x20000e4c                        _ebss = .
                0x20000e4c                        __bss_end__ = _ebss

._user_heap_stack
                0x20000e4c      0x604 load address 0x0800d4fc
                0x20000e50                        . = ALIGN (0x8)
 *fill*         0x20000e4c        0x4 
                [!provide]                        PROVIDE (end = .)
                0x20000e50                        PROVIDE (_end = .)
                0x20001050                        . = (. + _Min_Heap_Size)
 *fill*         0x20000e50      0x200 
                0x20001450                        . = (. + _Min_Stack_Size)
 *fill*         0x20001050      0x400 
                0x20001450                        . = ALIGN (0x8)

/DISCARD/
 libc.a(*)
 libm.a(*)
 libgcc.a(*)

.ARM.attributes
                0x00000000       0x28
 *(.ARM.attributes)
 .ARM.attributes
                0x00000000       0x1e C:/msys64/mingw64/bin/../lib/gcc/arm-none-eabi/13.3.0/thumb/v6-m/nofp/crti.o
 .ARM.attributes
                0x0000001e       0x2c C:/msys64/mingw64/bin/../lib/gcc/arm-none-eabi/13.3.0/thumb/v6-m/nofp/crtbegin.o
 .ARM.attributes
                0x0000004a       0x2c CMakeFiles/sensor_unit.elf.dir/Core/Src/SX1278.c.obj
 .ARM.attributes
                0x00000076       0x2c CMakeFiles/sensor_unit.elf.dir/Core/Src/SX1278_hw.c.obj
 .ARM.attributes
                0x000000a2       0x2c CMakeFiles/sensor_unit.elf.dir/Core/Src/adc.c.obj
 .ARM.attributes
                0x000000ce       0x2c CMakeFiles/sensor_unit.elf.dir/Core/Src/gpio.c.obj
 .ARM.attributes
                0x000000fa       0x2c CMakeFiles/sensor_unit.elf.dir/Core/Src/lptim.c.obj
 .ARM.attributes
                0x00000126       0x2c CMakeFiles/sensor_unit.elf.dir/Core/Src/main.c.obj
 .ARM.attributes
                0x00000152       0x2c CMakeFiles/sensor_unit.elf.dir/Core/Src/spi.c.obj
 .ARM.attributes
                0x0000017e       0x2c CMakeFiles/sensor_unit.elf.dir/Core/Src/stm32l0xx_hal_msp.c.obj
 .ARM.attributes
                0x000001aa       0x2c CMakeFiles/sensor_unit.elf.dir/Core/Src/stm32l0xx_it.c.obj
 .ARM.attributes
                0x000001d6       0x2c CMakeFiles/sensor_unit.elf.dir/Core/Src/syscalls.c.obj
 .ARM.attributes
                0x00000202       0x2c CMakeFiles/sensor_unit.elf.dir/Core/Src/sysmem.c.obj
 .ARM.attributes
                0x0000022e       0x2c CMakeFiles/sensor_unit.elf.dir/Core/Src/system_stm32l0xx.c.obj
 .ARM.attributes
                0x0000025a       0x22 CMakeFiles/sensor_unit.elf.dir/Core/Startup/startup_stm32l031k6tx.s.obj
 .ARM.attributes
                0x0000027c       0x2c CMakeFiles/sensor_unit.elf.dir/Drivers/STM32L0xx_HAL_Driver/Src/stm32l0xx_hal.c.obj
 .ARM.attributes
                0x000002a8       0x2c CMakeFiles/sensor_unit.elf.dir/Drivers/STM32L0xx_HAL_Driver/Src/stm32l0xx_hal_adc.c.obj
 .ARM.attributes
                0x000002d4       0x2c CMakeFiles/sensor_unit.elf.dir/Drivers/STM32L0xx_HAL_Driver/Src/stm32l0xx_hal_cortex.c.obj
 .ARM.attributes
                0x00000300       0x2c CMakeFiles/sensor_unit.elf.dir/Drivers/STM32L0xx_HAL_Driver/Src/stm32l0xx_hal_gpio.c.obj
 .ARM.attributes
                0x0000032c       0x2c CMakeFiles/sensor_unit.elf.dir/Drivers/STM32L0xx_HAL_Driver/Src/stm32l0xx_hal_lptim.c.obj
 .ARM.attributes
                0x00000358       0x2c CMakeFiles/sensor_unit.elf.dir/Drivers/STM32L0xx_HAL_Driver/Src/stm32l0xx_hal_pwr.c.obj
 .ARM.attributes
                0x00000384       0x2c CMakeFiles/sensor_unit.elf.dir/Drivers/STM32L0xx_HAL_Driver/Src/stm32l0xx_hal_rcc.c.obj
 .ARM.attributes
                0x000003b0       0x2c CMakeFiles/sensor_unit.elf.dir/Drivers/STM32L0xx_HAL_Driver/Src/stm32l0xx_hal_rcc_ex.c.obj
 .ARM.attributes
                0x000003dc       0x2c CMakeFiles/sensor_unit.elf.dir/Drivers/STM32L0xx_HAL_Driver/Src/stm32l0xx_hal_spi.c.obj
 .ARM.attributes
                0x00000408       0x1e C:/msys64/mingw64/bin/../lib/gcc/arm-none-eabi/13.3.0/thumb/v6-m/nofp\libgcc.a(_udivsi3.o)
 .ARM.attributes
                0x00000426       0x1e C:/msys64/mingw64/bin/../lib/gcc/arm-none-eabi/13.3.0/thumb/v6-m/nofp\libgcc.a(_dvmd_tls.o)
 .ARM.attributes
                0x00000444       0x1e C:/msys64/mingw64/bin/../lib/gcc/arm-none-eabi/13.3.0/thumb/v6-m/nofp\libgcc.a(_aeabi_uldivmod.o)
 .ARM.attributes
                0x00000462       0x2c C:/msys64/mingw64/bin/../lib/gcc/arm-none-eabi/13.3.0/thumb/v6-m/nofp\libgcc.a(_muldi3.o)
 .ARM.attributes
                0x0000048e       0x2c C:/msys64/mingw64/bin/../lib/gcc/arm-none-eabi/13.3.0/thumb/v6-m/nofp\libgcc.a(_udivmoddi4.o)
 .ARM.attributes
                0x000004ba       0x1e C:/msys64/mingw64/bin/../lib/gcc/arm-none-eabi/13.3.0/thumb/v6-m/nofp\libgcc.a(_lshrdi3.o)
 .ARM.attributes
                0x000004d8       0x1e C:/msys64/mingw64/bin/../lib/gcc/arm-none-eabi/13.3.0/thumb/v6-m/nofp\libgcc.a(_ashldi3.o)
 .ARM.attributes
                0x000004f6       0x1e C:/msys64/mingw64/bin/../lib/gcc/arm-none-eabi/13.3.0/thumb/v6-m/nofp\libgcc.a(_clzdi2.o)
 .ARM.attributes
                0x00000514       0x1e C:/msys64/mingw64/bin/../lib/gcc/arm-none-eabi/13.3.0/thumb/v6-m/nofp\libgcc.a(_clzsi2.o)
 .ARM.attributes
                0x00000532       0x2c C:/msys64/mingw64/bin/../lib/gcc/arm-none-eabi/13.3.0/../../../../arm-none-eabi/lib/thumb/v6-m/nofp\libg.a(libc_a-atexit.o)
 .ARM.attributes
                0x0000055e       0x2c C:/msys64/mingw64/bin/../lib/gcc/arm-none-eabi/13.3.0/../../../../arm-none-eabi/lib/thumb/v6-m/nofp\libg.a(libc_a-findfp.o)
 .ARM.attributes
                0x0000058a       0x2c C:/msys64/mingw64/bin/../lib/gcc/arm-none-eabi/13.3.0/../../../../arm-none-eabi/lib/thumb/v6-m/nofp\libg.a(libc_a-fwalk.o)
 .ARM.attributes
                0x000005b6       0x2c C:/msys64/mingw64/bin/../lib/gcc/arm-none-eabi/13.3.0/../../../../arm-none-eabi/lib/thumb/v6-m/nofp\libg.a(libc_a-printf.o)
 .ARM.attributes
                0x000005e2       0x2c C:/msys64/mingw64/bin/../lib/gcc/arm-none-eabi/13.3.0/../../../../arm-none-eabi/lib/thumb/v6-m/nofp\libg.a(libc_a-puts.o)
 .ARM.attributes
                0x0000060e       0x2c C:/msys64/mingw64/bin/../lib/gcc/arm-none-eabi/13.3.0/../../../../arm-none-eabi/lib/thumb/v6-m/nofp\libg.a(libc_a-sprintf.o)
 .ARM.attributes
                0x0000063a       0x2c C:/msys64/mingw64/bin/../lib/gcc/arm-none-eabi/13.3.0/../../../../arm-none-eabi/lib/thumb/v6-m/nofp\libg.a(libc_a-stdio.o)
 .ARM.attributes
                0x00000666       0x2c C:/msys64/mingw64/bin/../lib/gcc/arm-none-eabi/13.3.0/../../../../arm-none-eabi/lib/thumb/v6-m/nofp\libg.a(libc_a-memset.o)
 .ARM.attributes
                0x00000692       0x2c C:/msys64/mingw64/bin/../lib/gcc/arm-none-eabi/13.3.0/../../../../arm-none-eabi/lib/thumb/v6-m/nofp\libg.a(libc_a-closer.o)
 .ARM.attributes
                0x000006be       0x2c C:/msys64/mingw64/bin/../lib/gcc/arm-none-eabi/13.3.0/../../../../arm-none-eabi/lib/thumb/v6-m/nofp\libg.a(libc_a-reent.o)
 .ARM.attributes
                0x000006ea       0x2c C:/msys64/mingw64/bin/../lib/gcc/arm-none-eabi/13.3.0/../../../../arm-none-eabi/lib/thumb/v6-m/nofp\libg.a(libc_a-impure.o)
 .ARM.attributes
                0x00000716       0x2c C:/msys64/mingw64/bin/../lib/gcc/arm-none-eabi/13.3.0/../../../../arm-none-eabi/lib/thumb/v6-m/nofp\libg.a(libc_a-lseekr.o)
 .ARM.attributes
                0x00000742       0x2c C:/msys64/mingw64/bin/../lib/gcc/arm-none-eabi/13.3.0/../../../../arm-none-eabi/lib/thumb/v6-m/nofp\libg.a(libc_a-readr.o)
 .ARM.attributes
                0x0000076e       0x2c C:/msys64/mingw64/bin/../lib/gcc/arm-none-eabi/13.3.0/../../../../arm-none-eabi/lib/thumb/v6-m/nofp\libg.a(libc_a-writer.o)
 .ARM.attributes
                0x0000079a       0x2c C:/msys64/mingw64/bin/../lib/gcc/arm-none-eabi/13.3.0/../../../../arm-none-eabi/lib/thumb/v6-m/nofp\libg.a(libc_a-errno.o)
 .ARM.attributes
                0x000007c6       0x2c C:/msys64/mingw64/bin/../lib/gcc/arm-none-eabi/13.3.0/../../../../arm-none-eabi/lib/thumb/v6-m/nofp\libg.a(libc_a-init.o)
 .ARM.attributes
                0x000007f2       0x2c C:/msys64/mingw64/bin/../lib/gcc/arm-none-eabi/13.3.0/../../../../arm-none-eabi/lib/thumb/v6-m/nofp\libg.a(libc_a-fini.o)
 .ARM.attributes
                0x0000081e       0x2c C:/msys64/mingw64/bin/../lib/gcc/arm-none-eabi/13.3.0/../../../../arm-none-eabi/lib/thumb/v6-m/nofp\libg.a(libc_a-lock.o)
 .ARM.attributes
                0x0000084a       0x2c C:/msys64/mingw64/bin/../lib/gcc/arm-none-eabi/13.3.0/../../../../arm-none-eabi/lib/thumb/v6-m/nofp\libg.a(libc_a-memcpy-stub.o)
 .ARM.attributes
                0x00000876       0x2c C:/msys64/mingw64/bin/../lib/gcc/arm-none-eabi/13.3.0/../../../../arm-none-eabi/lib/thumb/v6-m/nofp\libg.a(libc_a-strlen-stub.o)
 .ARM.attributes
                0x000008a2       0x2c C:/msys64/mingw64/bin/../lib/gcc/arm-none-eabi/13.3.0/../../../../arm-none-eabi/lib/thumb/v6-m/nofp\libg.a(libc_a-__atexit.o)
 .ARM.attributes
                0x000008ce       0x2c C:/msys64/mingw64/bin/../lib/gcc/arm-none-eabi/13.3.0/../../../../arm-none-eabi/lib/thumb/v6-m/nofp\libg.a(libc_a-__call_atexit.o)
 .ARM.attributes
                0x000008fa       0x2c C:/msys64/mingw64/bin/../lib/gcc/arm-none-eabi/13.3.0/../../../../arm-none-eabi/lib/thumb/v6-m/nofp\libg.a(libc_a-freer.o)
 .ARM.attributes
                0x00000926       0x2c C:/msys64/mingw64/bin/../lib/gcc/arm-none-eabi/13.3.0/../../../../arm-none-eabi/lib/thumb/v6-m/nofp\libg.a(libc_a-mallocr.o)
 .ARM.attributes
                0x00000952       0x2c C:/msys64/mingw64/bin/../lib/gcc/arm-none-eabi/13.3.0/../../../../arm-none-eabi/lib/thumb/v6-m/nofp\libg.a(libc_a-mlock.o)
 .ARM.attributes
                0x0000097e       0x2c C:/msys64/mingw64/bin/../lib/gcc/arm-none-eabi/13.3.0/../../../../arm-none-eabi/lib/thumb/v6-m/nofp\libg.a(libc_a-svfprintf.o)
 .ARM.attributes
                0x000009aa       0x2c C:/msys64/mingw64/bin/../lib/gcc/arm-none-eabi/13.3.0/../../../../arm-none-eabi/lib/thumb/v6-m/nofp\libg.a(libc_a-vfprintf.o)
 .ARM.attributes
                0x000009d6       0x2c C:/msys64/mingw64/bin/../lib/gcc/arm-none-eabi/13.3.0/../../../../arm-none-eabi/lib/thumb/v6-m/nofp\libg.a(libc_a-sprint_r.o)
 .ARM.attributes
                0x00000a02       0x2c C:/msys64/mingw64/bin/../lib/gcc/arm-none-eabi/13.3.0/../../../../arm-none-eabi/lib/thumb/v6-m/nofp\libg.a(libc_a-ssprint_r.o)
 .ARM.attributes
                0x00000a2e       0x2c C:/msys64/mingw64/bin/../lib/gcc/arm-none-eabi/13.3.0/../../../../arm-none-eabi/lib/thumb/v6-m/nofp\libg.a(libc_a-fclose.o)
 .ARM.attributes
                0x00000a5a       0x2c C:/msys64/mingw64/bin/../lib/gcc/arm-none-eabi/13.3.0/../../../../arm-none-eabi/lib/thumb/v6-m/nofp\libg.a(libc_a-fflush.o)
 .ARM.attributes
                0x00000a86       0x2c C:/msys64/mingw64/bin/../lib/gcc/arm-none-eabi/13.3.0/../../../../arm-none-eabi/lib/thumb/v6-m/nofp\libg.a(libc_a-fvwrite.o)
 .ARM.attributes
                0x00000ab2       0x2c C:/msys64/mingw64/bin/../lib/gcc/arm-none-eabi/13.3.0/../../../../arm-none-eabi/lib/thumb/v6-m/nofp\libg.a(libc_a-wsetup.o)
 .ARM.attributes
                0x00000ade       0x2c C:/msys64/mingw64/bin/../lib/gcc/arm-none-eabi/13.3.0/../../../../arm-none-eabi/lib/thumb/v6-m/nofp\libg.a(libc_a-memmove.o)
 .ARM.attributes
                0x00000b0a       0x2c C:/msys64/mingw64/bin/../lib/gcc/arm-none-eabi/13.3.0/../../../../arm-none-eabi/lib/thumb/v6-m/nofp\libg.a(libc_a-strncpy.o)
 .ARM.attributes
                0x00000b36       0x2c C:/msys64/mingw64/bin/../lib/gcc/arm-none-eabi/13.3.0/../../../../arm-none-eabi/lib/thumb/v6-m/nofp\libg.a(libc_a-localeconv.o)
 .ARM.attributes
                0x00000b62       0x2c C:/msys64/mingw64/bin/../lib/gcc/arm-none-eabi/13.3.0/../../../../arm-none-eabi/lib/thumb/v6-m/nofp\libg.a(libc_a-sbrkr.o)
 .ARM.attributes
                0x00000b8e       0x2c C:/msys64/mingw64/bin/../lib/gcc/arm-none-eabi/13.3.0/../../../../arm-none-eabi/lib/thumb/v6-m/nofp\libg.a(libc_a-sysconf.o)
 .ARM.attributes
                0x00000bba       0x2c C:/msys64/mingw64/bin/../lib/gcc/arm-none-eabi/13.3.0/../../../../arm-none-eabi/lib/thumb/v6-m/nofp\libg.a(libc_a-memchr-stub.o)
 .ARM.attributes
                0x00000be6       0x2c C:/msys64/mingw64/bin/../lib/gcc/arm-none-eabi/13.3.0/../../../../arm-none-eabi/lib/thumb/v6-m/nofp\libg.a(libm_a-s_frexp.o)
 .ARM.attributes
                0x00000c12       0x2c C:/msys64/mingw64/bin/../lib/gcc/arm-none-eabi/13.3.0/../../../../arm-none-eabi/lib/thumb/v6-m/nofp\libg.a(libc_a-dtoa.o)
 .ARM.attributes
                0x00000c3e       0x2c C:/msys64/mingw64/bin/../lib/gcc/arm-none-eabi/13.3.0/../../../../arm-none-eabi/lib/thumb/v6-m/nofp\libg.a(libc_a-mprec.o)
 .ARM.attributes
                0x00000c6a       0x2c C:/msys64/mingw64/bin/../lib/gcc/arm-none-eabi/13.3.0/../../../../arm-none-eabi/lib/thumb/v6-m/nofp\libg.a(libc_a-reallocr.o)
 .ARM.attributes
                0x00000c96       0x2c C:/msys64/mingw64/bin/../lib/gcc/arm-none-eabi/13.3.0/../../../../arm-none-eabi/lib/thumb/v6-m/nofp\libg.a(libc_a-ssputs_r.o)
 .ARM.attributes
                0x00000cc2       0x2c C:/msys64/mingw64/bin/../lib/gcc/arm-none-eabi/13.3.0/../../../../arm-none-eabi/lib/thumb/v6-m/nofp\libg.a(libc_a-makebuf.o)
 .ARM.attributes
                0x00000cee       0x2c C:/msys64/mingw64/bin/../lib/gcc/arm-none-eabi/13.3.0/../../../../arm-none-eabi/lib/thumb/v6-m/nofp\libg.a(libc_a-locale.o)
 .ARM.attributes
                0x00000d1a       0x2c C:/msys64/mingw64/bin/../lib/gcc/arm-none-eabi/13.3.0/../../../../arm-none-eabi/lib/thumb/v6-m/nofp\libg.a(libc_a-fstatr.o)
 .ARM.attributes
                0x00000d46       0x2c C:/msys64/mingw64/bin/../lib/gcc/arm-none-eabi/13.3.0/../../../../arm-none-eabi/lib/thumb/v6-m/nofp\libg.a(libc_a-isattyr.o)
 .ARM.attributes
                0x00000d72       0x2c C:/msys64/mingw64/bin/../lib/gcc/arm-none-eabi/13.3.0/../../../../arm-none-eabi/lib/thumb/v6-m/nofp\libg.a(libc_a-assert.o)
 .ARM.attributes
                0x00000d9e       0x2c C:/msys64/mingw64/bin/../lib/gcc/arm-none-eabi/13.3.0/../../../../arm-none-eabi/lib/thumb/v6-m/nofp\libg.a(libc_a-callocr.o)
 .ARM.attributes
                0x00000dca       0x2c C:/msys64/mingw64/bin/../lib/gcc/arm-none-eabi/13.3.0/../../../../arm-none-eabi/lib/thumb/v6-m/nofp\libg.a(libc_a-mbtowc_r.o)
 .ARM.attributes
                0x00000df6       0x2c C:/msys64/mingw64/bin/../lib/gcc/arm-none-eabi/13.3.0/../../../../arm-none-eabi/lib/thumb/v6-m/nofp\libg.a(libc_a-wctomb_r.o)
 .ARM.attributes
                0x00000e22       0x2c C:/msys64/mingw64/bin/../lib/gcc/arm-none-eabi/13.3.0/../../../../arm-none-eabi/lib/thumb/v6-m/nofp\libg.a(libc_a-ctype_.o)
 .ARM.attributes
                0x00000e4e       0x2c C:/msys64/mingw64/bin/../lib/gcc/arm-none-eabi/13.3.0/../../../../arm-none-eabi/lib/thumb/v6-m/nofp\libg.a(libc_a-fiprintf.o)
 .ARM.attributes
                0x00000e7a       0x2c C:/msys64/mingw64/bin/../lib/gcc/arm-none-eabi/13.3.0/../../../../arm-none-eabi/lib/thumb/v6-m/nofp\libg.a(libc_a-vfiprintf.o)
 .ARM.attributes
                0x00000ea6       0x2c C:/msys64/mingw64/bin/../lib/gcc/arm-none-eabi/13.3.0/../../../../arm-none-eabi/lib/thumb/v6-m/nofp\libg.a(libc_a-abort.o)
 .ARM.attributes
                0x00000ed2       0x2c C:/msys64/mingw64/bin/../lib/gcc/arm-none-eabi/13.3.0/../../../../arm-none-eabi/lib/thumb/v6-m/nofp\libg.a(libc_a-signal.o)
 .ARM.attributes
                0x00000efe       0x2c C:/msys64/mingw64/bin/../lib/gcc/arm-none-eabi/13.3.0/../../../../arm-none-eabi/lib/thumb/v6-m/nofp\libg.a(libc_a-signalr.o)
 .ARM.attributes
                0x00000f2a       0x1e C:/msys64/mingw64/bin/../lib/gcc/arm-none-eabi/13.3.0/thumb/v6-m/nofp\libgcc.a(_divsi3.o)
 .ARM.attributes
                0x00000f48       0x1e C:/msys64/mingw64/bin/../lib/gcc/arm-none-eabi/13.3.0/thumb/v6-m/nofp\libgcc.a(_arm_cmpdf2.o)
 .ARM.attributes
                0x00000f66       0x2c C:/msys64/mingw64/bin/../lib/gcc/arm-none-eabi/13.3.0/thumb/v6-m/nofp\libgcc.a(adddf3.o)
 .ARM.attributes
                0x00000f92       0x2c C:/msys64/mingw64/bin/../lib/gcc/arm-none-eabi/13.3.0/thumb/v6-m/nofp\libgcc.a(divdf3.o)
 .ARM.attributes
                0x00000fbe       0x2c C:/msys64/mingw64/bin/../lib/gcc/arm-none-eabi/13.3.0/thumb/v6-m/nofp\libgcc.a(eqdf2.o)
 .ARM.attributes
                0x00000fea       0x2c C:/msys64/mingw64/bin/../lib/gcc/arm-none-eabi/13.3.0/thumb/v6-m/nofp\libgcc.a(gedf2.o)
 .ARM.attributes
                0x00001016       0x2c C:/msys64/mingw64/bin/../lib/gcc/arm-none-eabi/13.3.0/thumb/v6-m/nofp\libgcc.a(ledf2.o)
 .ARM.attributes
                0x00001042       0x2c C:/msys64/mingw64/bin/../lib/gcc/arm-none-eabi/13.3.0/thumb/v6-m/nofp\libgcc.a(muldf3.o)
 .ARM.attributes
                0x0000106e       0x2c C:/msys64/mingw64/bin/../lib/gcc/arm-none-eabi/13.3.0/thumb/v6-m/nofp\libgcc.a(subdf3.o)
 .ARM.attributes
                0x0000109a       0x2c C:/msys64/mingw64/bin/../lib/gcc/arm-none-eabi/13.3.0/thumb/v6-m/nofp\libgcc.a(unorddf2.o)
 .ARM.attributes
                0x000010c6       0x2c C:/msys64/mingw64/bin/../lib/gcc/arm-none-eabi/13.3.0/thumb/v6-m/nofp\libgcc.a(fixdfsi.o)
 .ARM.attributes
                0x000010f2       0x2c C:/msys64/mingw64/bin/../lib/gcc/arm-none-eabi/13.3.0/thumb/v6-m/nofp\libgcc.a(floatsidf.o)
 .ARM.attributes
                0x0000111e       0x2c C:/msys64/mingw64/bin/../lib/gcc/arm-none-eabi/13.3.0/thumb/v6-m/nofp\libgcc.a(floatunsidf.o)
 .ARM.attributes
                0x0000114a       0x1e C:/msys64/mingw64/bin/../lib/gcc/arm-none-eabi/13.3.0/thumb/v6-m/nofp\libgcc.a(_thumb1_case_uhi.o)
 .ARM.attributes
                0x00001168       0x1e C:/msys64/mingw64/bin/../lib/gcc/arm-none-eabi/13.3.0/thumb/v6-m/nofp/crtn.o
OUTPUT(sensor_unit.elf elf32-littlearm)
LOAD linker stubs
LOAD C:/msys64/mingw64/bin/../lib/gcc/arm-none-eabi/13.3.0/../../../../arm-none-eabi/lib/thumb/v6-m/nofp\libc.a
LOAD C:/msys64/mingw64/bin/../lib/gcc/arm-none-eabi/13.3.0/../../../../arm-none-eabi/lib/thumb/v6-m/nofp\libm.a
LOAD C:/msys64/mingw64/bin/../lib/gcc/arm-none-eabi/13.3.0/thumb/v6-m/nofp\libgcc.a

.debug_info     0x00000000    0x2f4c1
 .debug_info    0x00000000     0x1365 CMakeFiles/sensor_unit.elf.dir/Core/Src/SX1278.c.obj
 .debug_info    0x00001365      0xa2c CMakeFiles/sensor_unit.elf.dir/Core/Src/SX1278_hw.c.obj
 .debug_info    0x00001d91      0x831 CMakeFiles/sensor_unit.elf.dir/Core/Src/adc.c.obj
 .debug_info    0x000025c2      0x5cb CMakeFiles/sensor_unit.elf.dir/Core/Src/gpio.c.obj
 .debug_info    0x00002b8d      0x498 CMakeFiles/sensor_unit.elf.dir/Core/Src/lptim.c.obj
 .debug_info    0x00003025     0x1233 CMakeFiles/sensor_unit.elf.dir/Core/Src/main.c.obj
 .debug_info    0x00004258      0x963 CMakeFiles/sensor_unit.elf.dir/Core/Src/spi.c.obj
 .debug_info    0x00004bbb      0x1b6 CMakeFiles/sensor_unit.elf.dir/Core/Src/stm32l0xx_hal_msp.c.obj
 .debug_info    0x00004d71      0x12c CMakeFiles/sensor_unit.elf.dir/Core/Src/stm32l0xx_it.c.obj
 .debug_info    0x00004e9d      0x789 CMakeFiles/sensor_unit.elf.dir/Core/Src/syscalls.c.obj
 .debug_info    0x00005626      0x17b CMakeFiles/sensor_unit.elf.dir/Core/Src/sysmem.c.obj
 .debug_info    0x000057a1      0x309 CMakeFiles/sensor_unit.elf.dir/Core/Src/system_stm32l0xx.c.obj
 .debug_info    0x00005aaa       0x30 CMakeFiles/sensor_unit.elf.dir/Core/Startup/startup_stm32l031k6tx.s.obj
 .debug_info    0x00005ada      0x8ba CMakeFiles/sensor_unit.elf.dir/Drivers/STM32L0xx_HAL_Driver/Src/stm32l0xx_hal.c.obj
 .debug_info    0x00006394      0xfe2 CMakeFiles/sensor_unit.elf.dir/Drivers/STM32L0xx_HAL_Driver/Src/stm32l0xx_hal_adc.c.obj
 .debug_info    0x00007376      0x7b5 CMakeFiles/sensor_unit.elf.dir/Drivers/STM32L0xx_HAL_Driver/Src/stm32l0xx_hal_cortex.c.obj
 .debug_info    0x00007b2b      0x65e CMakeFiles/sensor_unit.elf.dir/Drivers/STM32L0xx_HAL_Driver/Src/stm32l0xx_hal_gpio.c.obj
 .debug_info    0x00008189     0x1470 CMakeFiles/sensor_unit.elf.dir/Drivers/STM32L0xx_HAL_Driver/Src/stm32l0xx_hal_lptim.c.obj
 .debug_info    0x000095f9      0x635 CMakeFiles/sensor_unit.elf.dir/Drivers/STM32L0xx_HAL_Driver/Src/stm32l0xx_hal_pwr.c.obj
 .debug_info    0x00009c2e      0xc71 CMakeFiles/sensor_unit.elf.dir/Drivers/STM32L0xx_HAL_Driver/Src/stm32l0xx_hal_rcc.c.obj
 .debug_info    0x0000a89f      0x500 CMakeFiles/sensor_unit.elf.dir/Drivers/STM32L0xx_HAL_Driver/Src/stm32l0xx_hal_rcc_ex.c.obj
 .debug_info    0x0000ad9f     0x1da8 CMakeFiles/sensor_unit.elf.dir/Drivers/STM32L0xx_HAL_Driver/Src/stm32l0xx_hal_spi.c.obj
 .debug_info    0x0000cb47       0x3d C:/msys64/mingw64/bin/../lib/gcc/arm-none-eabi/13.3.0/thumb/v6-m/nofp\libgcc.a(_udivsi3.o)
 .debug_info    0x0000cb84       0x3c C:/msys64/mingw64/bin/../lib/gcc/arm-none-eabi/13.3.0/thumb/v6-m/nofp\libgcc.a(_dvmd_tls.o)
 .debug_info    0x0000cbc0       0x31 C:/msys64/mingw64/bin/../lib/gcc/arm-none-eabi/13.3.0/thumb/v6-m/nofp\libgcc.a(_aeabi_uldivmod.o)
 .debug_info    0x0000cbf1      0x42c C:/msys64/mingw64/bin/../lib/gcc/arm-none-eabi/13.3.0/thumb/v6-m/nofp\libgcc.a(_muldi3.o)
 .debug_info    0x0000d01d      0x3e7 C:/msys64/mingw64/bin/../lib/gcc/arm-none-eabi/13.3.0/thumb/v6-m/nofp\libgcc.a(_udivmoddi4.o)
 .debug_info    0x0000d404       0x3c C:/msys64/mingw64/bin/../lib/gcc/arm-none-eabi/13.3.0/thumb/v6-m/nofp\libgcc.a(_lshrdi3.o)
 .debug_info    0x0000d440       0x3c C:/msys64/mingw64/bin/../lib/gcc/arm-none-eabi/13.3.0/thumb/v6-m/nofp\libgcc.a(_ashldi3.o)
 .debug_info    0x0000d47c       0x24 C:/msys64/mingw64/bin/../lib/gcc/arm-none-eabi/13.3.0/thumb/v6-m/nofp\libgcc.a(_clzdi2.o)
 .debug_info    0x0000d4a0       0x31 C:/msys64/mingw64/bin/../lib/gcc/arm-none-eabi/13.3.0/thumb/v6-m/nofp\libgcc.a(_clzsi2.o)
 .debug_info    0x0000d4d1      0x118 C:/msys64/mingw64/bin/../lib/gcc/arm-none-eabi/13.3.0/../../../../arm-none-eabi/lib/thumb/v6-m/nofp\libg.a(libc_a-atexit.o)
 .debug_info    0x0000d5e9     0x1116 C:/msys64/mingw64/bin/../lib/gcc/arm-none-eabi/13.3.0/../../../../arm-none-eabi/lib/thumb/v6-m/nofp\libg.a(libc_a-findfp.o)
 .debug_info    0x0000e6ff      0x7ee C:/msys64/mingw64/bin/../lib/gcc/arm-none-eabi/13.3.0/../../../../arm-none-eabi/lib/thumb/v6-m/nofp\libg.a(libc_a-fwalk.o)
 .debug_info    0x0000eeed      0x859 C:/msys64/mingw64/bin/../lib/gcc/arm-none-eabi/13.3.0/../../../../arm-none-eabi/lib/thumb/v6-m/nofp\libg.a(libc_a-printf.o)
 .debug_info    0x0000f746      0x942 C:/msys64/mingw64/bin/../lib/gcc/arm-none-eabi/13.3.0/../../../../arm-none-eabi/lib/thumb/v6-m/nofp\libg.a(libc_a-puts.o)
 .debug_info    0x00010088      0x89d C:/msys64/mingw64/bin/../lib/gcc/arm-none-eabi/13.3.0/../../../../arm-none-eabi/lib/thumb/v6-m/nofp\libg.a(libc_a-sprintf.o)
 .debug_info    0x00010925      0xa70 C:/msys64/mingw64/bin/../lib/gcc/arm-none-eabi/13.3.0/../../../../arm-none-eabi/lib/thumb/v6-m/nofp\libg.a(libc_a-stdio.o)
 .debug_info    0x00011395      0x135 C:/msys64/mingw64/bin/../lib/gcc/arm-none-eabi/13.3.0/../../../../arm-none-eabi/lib/thumb/v6-m/nofp\libg.a(libc_a-memset.o)
 .debug_info    0x000114ca      0x774 C:/msys64/mingw64/bin/../lib/gcc/arm-none-eabi/13.3.0/../../../../arm-none-eabi/lib/thumb/v6-m/nofp\libg.a(libc_a-closer.o)
 .debug_info    0x00011c3e      0x834 C:/msys64/mingw64/bin/../lib/gcc/arm-none-eabi/13.3.0/../../../../arm-none-eabi/lib/thumb/v6-m/nofp\libg.a(libc_a-reent.o)
 .debug_info    0x00012472      0x733 C:/msys64/mingw64/bin/../lib/gcc/arm-none-eabi/13.3.0/../../../../arm-none-eabi/lib/thumb/v6-m/nofp\libg.a(libc_a-impure.o)
 .debug_info    0x00012ba5      0x7b4 C:/msys64/mingw64/bin/../lib/gcc/arm-none-eabi/13.3.0/../../../../arm-none-eabi/lib/thumb/v6-m/nofp\libg.a(libc_a-lseekr.o)
 .debug_info    0x00013359      0x7cb C:/msys64/mingw64/bin/../lib/gcc/arm-none-eabi/13.3.0/../../../../arm-none-eabi/lib/thumb/v6-m/nofp\libg.a(libc_a-readr.o)
 .debug_info    0x00013b24      0x7d1 C:/msys64/mingw64/bin/../lib/gcc/arm-none-eabi/13.3.0/../../../../arm-none-eabi/lib/thumb/v6-m/nofp\libg.a(libc_a-writer.o)
 .debug_info    0x000142f5      0x719 C:/msys64/mingw64/bin/../lib/gcc/arm-none-eabi/13.3.0/../../../../arm-none-eabi/lib/thumb/v6-m/nofp\libg.a(libc_a-errno.o)
 .debug_info    0x00014a0e      0x10b C:/msys64/mingw64/bin/../lib/gcc/arm-none-eabi/13.3.0/../../../../arm-none-eabi/lib/thumb/v6-m/nofp\libg.a(libc_a-init.o)
 .debug_info    0x00014b19       0xf7 C:/msys64/mingw64/bin/../lib/gcc/arm-none-eabi/13.3.0/../../../../arm-none-eabi/lib/thumb/v6-m/nofp\libg.a(libc_a-fini.o)
 .debug_info    0x00014c10      0x20a C:/msys64/mingw64/bin/../lib/gcc/arm-none-eabi/13.3.0/../../../../arm-none-eabi/lib/thumb/v6-m/nofp\libg.a(libc_a-lock.o)
 .debug_info    0x00014e1a      0x152 C:/msys64/mingw64/bin/../lib/gcc/arm-none-eabi/13.3.0/../../../../arm-none-eabi/lib/thumb/v6-m/nofp\libg.a(libc_a-memcpy-stub.o)
 .debug_info    0x00014f6c       0xeb C:/msys64/mingw64/bin/../lib/gcc/arm-none-eabi/13.3.0/../../../../arm-none-eabi/lib/thumb/v6-m/nofp\libg.a(libc_a-strlen-stub.o)
 .debug_info    0x00015057      0x25f C:/msys64/mingw64/bin/../lib/gcc/arm-none-eabi/13.3.0/../../../../arm-none-eabi/lib/thumb/v6-m/nofp\libg.a(libc_a-__atexit.o)
 .debug_info    0x000152b6      0x2dd C:/msys64/mingw64/bin/../lib/gcc/arm-none-eabi/13.3.0/../../../../arm-none-eabi/lib/thumb/v6-m/nofp\libg.a(libc_a-__call_atexit.o)
 .debug_info    0x00015593      0xb53 C:/msys64/mingw64/bin/../lib/gcc/arm-none-eabi/13.3.0/../../../../arm-none-eabi/lib/thumb/v6-m/nofp\libg.a(libc_a-freer.o)
 .debug_info    0x000160e6      0xcd2 C:/msys64/mingw64/bin/../lib/gcc/arm-none-eabi/13.3.0/../../../../arm-none-eabi/lib/thumb/v6-m/nofp\libg.a(libc_a-mallocr.o)
 .debug_info    0x00016db8      0x789 C:/msys64/mingw64/bin/../lib/gcc/arm-none-eabi/13.3.0/../../../../arm-none-eabi/lib/thumb/v6-m/nofp\libg.a(libc_a-mlock.o)
 .debug_info    0x00017541     0x1ab2 C:/msys64/mingw64/bin/../lib/gcc/arm-none-eabi/13.3.0/../../../../arm-none-eabi/lib/thumb/v6-m/nofp\libg.a(libc_a-svfprintf.o)
 .debug_info    0x00018ff3     0x1d0e C:/msys64/mingw64/bin/../lib/gcc/arm-none-eabi/13.3.0/../../../../arm-none-eabi/lib/thumb/v6-m/nofp\libg.a(libc_a-vfprintf.o)
 .debug_info    0x0001ad01      0x81e C:/msys64/mingw64/bin/../lib/gcc/arm-none-eabi/13.3.0/../../../../arm-none-eabi/lib/thumb/v6-m/nofp\libg.a(libc_a-sprint_r.o)
 .debug_info    0x0001b51f      0x84a C:/msys64/mingw64/bin/../lib/gcc/arm-none-eabi/13.3.0/../../../../arm-none-eabi/lib/thumb/v6-m/nofp\libg.a(libc_a-ssprint_r.o)
 .debug_info    0x0001bd69      0x8e9 C:/msys64/mingw64/bin/../lib/gcc/arm-none-eabi/13.3.0/../../../../arm-none-eabi/lib/thumb/v6-m/nofp\libg.a(libc_a-fclose.o)
 .debug_info    0x0001c652      0xad6 C:/msys64/mingw64/bin/../lib/gcc/arm-none-eabi/13.3.0/../../../../arm-none-eabi/lib/thumb/v6-m/nofp\libg.a(libc_a-fflush.o)
 .debug_info    0x0001d128      0xb54 C:/msys64/mingw64/bin/../lib/gcc/arm-none-eabi/13.3.0/../../../../arm-none-eabi/lib/thumb/v6-m/nofp\libg.a(libc_a-fvwrite.o)
 .debug_info    0x0001dc7c      0x7d9 C:/msys64/mingw64/bin/../lib/gcc/arm-none-eabi/13.3.0/../../../../arm-none-eabi/lib/thumb/v6-m/nofp\libg.a(libc_a-wsetup.o)
 .debug_info    0x0001e455      0x148 C:/msys64/mingw64/bin/../lib/gcc/arm-none-eabi/13.3.0/../../../../arm-none-eabi/lib/thumb/v6-m/nofp\libg.a(libc_a-memmove.o)
 .debug_info    0x0001e59d      0x14a C:/msys64/mingw64/bin/../lib/gcc/arm-none-eabi/13.3.0/../../../../arm-none-eabi/lib/thumb/v6-m/nofp\libg.a(libc_a-strncpy.o)
 .debug_info    0x0001e6e7      0xa36 C:/msys64/mingw64/bin/../lib/gcc/arm-none-eabi/13.3.0/../../../../arm-none-eabi/lib/thumb/v6-m/nofp\libg.a(libc_a-localeconv.o)
 .debug_info    0x0001f11d      0x79a C:/msys64/mingw64/bin/../lib/gcc/arm-none-eabi/13.3.0/../../../../arm-none-eabi/lib/thumb/v6-m/nofp\libg.a(libc_a-sbrkr.o)
 .debug_info    0x0001f8b7       0xc1 C:/msys64/mingw64/bin/../lib/gcc/arm-none-eabi/13.3.0/../../../../arm-none-eabi/lib/thumb/v6-m/nofp\libg.a(libc_a-sysconf.o)
 .debug_info    0x0001f978      0x14a C:/msys64/mingw64/bin/../lib/gcc/arm-none-eabi/13.3.0/../../../../arm-none-eabi/lib/thumb/v6-m/nofp\libg.a(libc_a-memchr-stub.o)
 .debug_info    0x0001fac2      0x1e0 C:/msys64/mingw64/bin/../lib/gcc/arm-none-eabi/13.3.0/../../../../arm-none-eabi/lib/thumb/v6-m/nofp\libg.a(libm_a-s_frexp.o)
 .debug_info    0x0001fca2     0x18dc C:/msys64/mingw64/bin/../lib/gcc/arm-none-eabi/13.3.0/../../../../arm-none-eabi/lib/thumb/v6-m/nofp\libg.a(libc_a-dtoa.o)
 .debug_info    0x0002157e     0x1e33 C:/msys64/mingw64/bin/../lib/gcc/arm-none-eabi/13.3.0/../../../../arm-none-eabi/lib/thumb/v6-m/nofp\libg.a(libc_a-mprec.o)
 .debug_info    0x000233b1      0xbb3 C:/msys64/mingw64/bin/../lib/gcc/arm-none-eabi/13.3.0/../../../../arm-none-eabi/lib/thumb/v6-m/nofp\libg.a(libc_a-reallocr.o)
 .debug_info    0x00023f64      0x8dd C:/msys64/mingw64/bin/../lib/gcc/arm-none-eabi/13.3.0/../../../../arm-none-eabi/lib/thumb/v6-m/nofp\libg.a(libc_a-ssputs_r.o)
 .debug_info    0x00024841      0xc0c C:/msys64/mingw64/bin/../lib/gcc/arm-none-eabi/13.3.0/../../../../arm-none-eabi/lib/thumb/v6-m/nofp\libg.a(libc_a-makebuf.o)
 .debug_info    0x0002544d      0xbdb C:/msys64/mingw64/bin/../lib/gcc/arm-none-eabi/13.3.0/../../../../arm-none-eabi/lib/thumb/v6-m/nofp\libg.a(libc_a-locale.o)
 .debug_info    0x00026028      0x993 C:/msys64/mingw64/bin/../lib/gcc/arm-none-eabi/13.3.0/../../../../arm-none-eabi/lib/thumb/v6-m/nofp\libg.a(libc_a-fstatr.o)
 .debug_info    0x000269bb      0x774 C:/msys64/mingw64/bin/../lib/gcc/arm-none-eabi/13.3.0/../../../../arm-none-eabi/lib/thumb/v6-m/nofp\libg.a(libc_a-isattyr.o)
 .debug_info    0x0002712f      0x839 C:/msys64/mingw64/bin/../lib/gcc/arm-none-eabi/13.3.0/../../../../arm-none-eabi/lib/thumb/v6-m/nofp\libg.a(libc_a-assert.o)
 .debug_info    0x00027968      0x8e2 C:/msys64/mingw64/bin/../lib/gcc/arm-none-eabi/13.3.0/../../../../arm-none-eabi/lib/thumb/v6-m/nofp\libg.a(libc_a-callocr.o)
 .debug_info    0x0002824a      0xac5 C:/msys64/mingw64/bin/../lib/gcc/arm-none-eabi/13.3.0/../../../../arm-none-eabi/lib/thumb/v6-m/nofp\libg.a(libc_a-mbtowc_r.o)
 .debug_info    0x00028d0f      0xa7f C:/msys64/mingw64/bin/../lib/gcc/arm-none-eabi/13.3.0/../../../../arm-none-eabi/lib/thumb/v6-m/nofp\libg.a(libc_a-wctomb_r.o)
 .debug_info    0x0002978e       0xb9 C:/msys64/mingw64/bin/../lib/gcc/arm-none-eabi/13.3.0/../../../../arm-none-eabi/lib/thumb/v6-m/nofp\libg.a(libc_a-ctype_.o)
 .debug_info    0x00029847      0x86a C:/msys64/mingw64/bin/../lib/gcc/arm-none-eabi/13.3.0/../../../../arm-none-eabi/lib/thumb/v6-m/nofp\libg.a(libc_a-fiprintf.o)
 .debug_info    0x0002a0b1     0x137e C:/msys64/mingw64/bin/../lib/gcc/arm-none-eabi/13.3.0/../../../../arm-none-eabi/lib/thumb/v6-m/nofp\libg.a(libc_a-vfiprintf.o)
 .debug_info    0x0002b42f       0xd8 C:/msys64/mingw64/bin/../lib/gcc/arm-none-eabi/13.3.0/../../../../arm-none-eabi/lib/thumb/v6-m/nofp\libg.a(libc_a-abort.o)
 .debug_info    0x0002b507      0xc4c C:/msys64/mingw64/bin/../lib/gcc/arm-none-eabi/13.3.0/../../../../arm-none-eabi/lib/thumb/v6-m/nofp\libg.a(libc_a-signal.o)
 .debug_info    0x0002c153      0x7ff C:/msys64/mingw64/bin/../lib/gcc/arm-none-eabi/13.3.0/../../../../arm-none-eabi/lib/thumb/v6-m/nofp\libg.a(libc_a-signalr.o)
 .debug_info    0x0002c952       0x3e C:/msys64/mingw64/bin/../lib/gcc/arm-none-eabi/13.3.0/thumb/v6-m/nofp\libgcc.a(_divsi3.o)
 .debug_info    0x0002c990       0x7e C:/msys64/mingw64/bin/../lib/gcc/arm-none-eabi/13.3.0/thumb/v6-m/nofp\libgcc.a(_arm_cmpdf2.o)
 .debug_info    0x0002ca0e      0x58d C:/msys64/mingw64/bin/../lib/gcc/arm-none-eabi/13.3.0/thumb/v6-m/nofp\libgcc.a(adddf3.o)
 .debug_info    0x0002cf9b      0x7c6 C:/msys64/mingw64/bin/../lib/gcc/arm-none-eabi/13.3.0/thumb/v6-m/nofp\libgcc.a(divdf3.o)
 .debug_info    0x0002d761      0x243 C:/msys64/mingw64/bin/../lib/gcc/arm-none-eabi/13.3.0/thumb/v6-m/nofp\libgcc.a(eqdf2.o)
 .debug_info    0x0002d9a4      0x251 C:/msys64/mingw64/bin/../lib/gcc/arm-none-eabi/13.3.0/thumb/v6-m/nofp\libgcc.a(gedf2.o)
 .debug_info    0x0002dbf5      0x251 C:/msys64/mingw64/bin/../lib/gcc/arm-none-eabi/13.3.0/thumb/v6-m/nofp\libgcc.a(ledf2.o)
 .debug_info    0x0002de46      0x7b8 C:/msys64/mingw64/bin/../lib/gcc/arm-none-eabi/13.3.0/thumb/v6-m/nofp\libgcc.a(muldf3.o)
 .debug_info    0x0002e5fe      0x58d C:/msys64/mingw64/bin/../lib/gcc/arm-none-eabi/13.3.0/thumb/v6-m/nofp\libgcc.a(subdf3.o)
 .debug_info    0x0002eb8b      0x21f C:/msys64/mingw64/bin/../lib/gcc/arm-none-eabi/13.3.0/thumb/v6-m/nofp\libgcc.a(unorddf2.o)
 .debug_info    0x0002edaa      0x1d9 C:/msys64/mingw64/bin/../lib/gcc/arm-none-eabi/13.3.0/thumb/v6-m/nofp\libgcc.a(fixdfsi.o)
 .debug_info    0x0002ef83      0x28f C:/msys64/mingw64/bin/../lib/gcc/arm-none-eabi/13.3.0/thumb/v6-m/nofp\libgcc.a(floatsidf.o)
 .debug_info    0x0002f212      0x27e C:/msys64/mingw64/bin/../lib/gcc/arm-none-eabi/13.3.0/thumb/v6-m/nofp\libgcc.a(floatunsidf.o)
 .debug_info    0x0002f490       0x31 C:/msys64/mingw64/bin/../lib/gcc/arm-none-eabi/13.3.0/thumb/v6-m/nofp\libgcc.a(_thumb1_case_uhi.o)

.debug_abbrev   0x00000000     0xb56f
 .debug_abbrev  0x00000000      0x26c CMakeFiles/sensor_unit.elf.dir/Core/Src/SX1278.c.obj
 .debug_abbrev  0x0000026c      0x1fe CMakeFiles/sensor_unit.elf.dir/Core/Src/SX1278_hw.c.obj
 .debug_abbrev  0x0000046a      0x1e7 CMakeFiles/sensor_unit.elf.dir/Core/Src/adc.c.obj
 .debug_abbrev  0x00000651      0x196 CMakeFiles/sensor_unit.elf.dir/Core/Src/gpio.c.obj
 .debug_abbrev  0x000007e7      0x18c CMakeFiles/sensor_unit.elf.dir/Core/Src/lptim.c.obj
 .debug_abbrev  0x00000973      0x2f5 CMakeFiles/sensor_unit.elf.dir/Core/Src/main.c.obj
 .debug_abbrev  0x00000c68      0x206 CMakeFiles/sensor_unit.elf.dir/Core/Src/spi.c.obj
 .debug_abbrev  0x00000e6e       0x9d CMakeFiles/sensor_unit.elf.dir/Core/Src/stm32l0xx_hal_msp.c.obj
 .debug_abbrev  0x00000f0b       0xbb CMakeFiles/sensor_unit.elf.dir/Core/Src/stm32l0xx_it.c.obj
 .debug_abbrev  0x00000fc6      0x1c1 CMakeFiles/sensor_unit.elf.dir/Core/Src/syscalls.c.obj
 .debug_abbrev  0x00001187       0xe9 CMakeFiles/sensor_unit.elf.dir/Core/Src/sysmem.c.obj
 .debug_abbrev  0x00001270      0x136 CMakeFiles/sensor_unit.elf.dir/Core/Src/system_stm32l0xx.c.obj
 .debug_abbrev  0x000013a6       0x24 CMakeFiles/sensor_unit.elf.dir/Core/Startup/startup_stm32l031k6tx.s.obj
 .debug_abbrev  0x000013ca      0x2a2 CMakeFiles/sensor_unit.elf.dir/Drivers/STM32L0xx_HAL_Driver/Src/stm32l0xx_hal.c.obj
 .debug_abbrev  0x0000166c      0x25e CMakeFiles/sensor_unit.elf.dir/Drivers/STM32L0xx_HAL_Driver/Src/stm32l0xx_hal_adc.c.obj
 .debug_abbrev  0x000018ca      0x2d0 CMakeFiles/sensor_unit.elf.dir/Drivers/STM32L0xx_HAL_Driver/Src/stm32l0xx_hal_cortex.c.obj
 .debug_abbrev  0x00001b9a      0x1e6 CMakeFiles/sensor_unit.elf.dir/Drivers/STM32L0xx_HAL_Driver/Src/stm32l0xx_hal_gpio.c.obj
 .debug_abbrev  0x00001d80      0x28f CMakeFiles/sensor_unit.elf.dir/Drivers/STM32L0xx_HAL_Driver/Src/stm32l0xx_hal_lptim.c.obj
 .debug_abbrev  0x0000200f      0x192 CMakeFiles/sensor_unit.elf.dir/Drivers/STM32L0xx_HAL_Driver/Src/stm32l0xx_hal_pwr.c.obj
 .debug_abbrev  0x000021a1      0x2d5 CMakeFiles/sensor_unit.elf.dir/Drivers/STM32L0xx_HAL_Driver/Src/stm32l0xx_hal_rcc.c.obj
 .debug_abbrev  0x00002476      0x1de CMakeFiles/sensor_unit.elf.dir/Drivers/STM32L0xx_HAL_Driver/Src/stm32l0xx_hal_rcc_ex.c.obj
 .debug_abbrev  0x00002654      0x26a CMakeFiles/sensor_unit.elf.dir/Drivers/STM32L0xx_HAL_Driver/Src/stm32l0xx_hal_spi.c.obj
 .debug_abbrev  0x000028be       0x28 C:/msys64/mingw64/bin/../lib/gcc/arm-none-eabi/13.3.0/thumb/v6-m/nofp\libgcc.a(_udivsi3.o)
 .debug_abbrev  0x000028e6       0x26 C:/msys64/mingw64/bin/../lib/gcc/arm-none-eabi/13.3.0/thumb/v6-m/nofp\libgcc.a(_dvmd_tls.o)
 .debug_abbrev  0x0000290c       0x28 C:/msys64/mingw64/bin/../lib/gcc/arm-none-eabi/13.3.0/thumb/v6-m/nofp\libgcc.a(_aeabi_uldivmod.o)
 .debug_abbrev  0x00002934      0x163 C:/msys64/mingw64/bin/../lib/gcc/arm-none-eabi/13.3.0/thumb/v6-m/nofp\libgcc.a(_muldi3.o)
 .debug_abbrev  0x00002a97      0x120 C:/msys64/mingw64/bin/../lib/gcc/arm-none-eabi/13.3.0/thumb/v6-m/nofp\libgcc.a(_udivmoddi4.o)
 .debug_abbrev  0x00002bb7       0x28 C:/msys64/mingw64/bin/../lib/gcc/arm-none-eabi/13.3.0/thumb/v6-m/nofp\libgcc.a(_lshrdi3.o)
 .debug_abbrev  0x00002bdf       0x28 C:/msys64/mingw64/bin/../lib/gcc/arm-none-eabi/13.3.0/thumb/v6-m/nofp\libgcc.a(_ashldi3.o)
 .debug_abbrev  0x00002c07       0x14 C:/msys64/mingw64/bin/../lib/gcc/arm-none-eabi/13.3.0/thumb/v6-m/nofp\libgcc.a(_clzdi2.o)
 .debug_abbrev  0x00002c1b       0x28 C:/msys64/mingw64/bin/../lib/gcc/arm-none-eabi/13.3.0/thumb/v6-m/nofp\libgcc.a(_clzsi2.o)
 .debug_abbrev  0x00002c43       0xbe C:/msys64/mingw64/bin/../lib/gcc/arm-none-eabi/13.3.0/../../../../arm-none-eabi/lib/thumb/v6-m/nofp\libg.a(libc_a-atexit.o)
 .debug_abbrev  0x00002d01      0x473 C:/msys64/mingw64/bin/../lib/gcc/arm-none-eabi/13.3.0/../../../../arm-none-eabi/lib/thumb/v6-m/nofp\libg.a(libc_a-findfp.o)
 .debug_abbrev  0x00003174      0x1d9 C:/msys64/mingw64/bin/../lib/gcc/arm-none-eabi/13.3.0/../../../../arm-none-eabi/lib/thumb/v6-m/nofp\libg.a(libc_a-fwalk.o)
 .debug_abbrev  0x0000334d      0x256 C:/msys64/mingw64/bin/../lib/gcc/arm-none-eabi/13.3.0/../../../../arm-none-eabi/lib/thumb/v6-m/nofp\libg.a(libc_a-printf.o)
 .debug_abbrev  0x000035a3      0x271 C:/msys64/mingw64/bin/../lib/gcc/arm-none-eabi/13.3.0/../../../../arm-none-eabi/lib/thumb/v6-m/nofp\libg.a(libc_a-puts.o)
 .debug_abbrev  0x00003814      0x258 C:/msys64/mingw64/bin/../lib/gcc/arm-none-eabi/13.3.0/../../../../arm-none-eabi/lib/thumb/v6-m/nofp\libg.a(libc_a-sprintf.o)
 .debug_abbrev  0x00003a6c      0x242 C:/msys64/mingw64/bin/../lib/gcc/arm-none-eabi/13.3.0/../../../../arm-none-eabi/lib/thumb/v6-m/nofp\libg.a(libc_a-stdio.o)
 .debug_abbrev  0x00003cae       0xb7 C:/msys64/mingw64/bin/../lib/gcc/arm-none-eabi/13.3.0/../../../../arm-none-eabi/lib/thumb/v6-m/nofp\libg.a(libc_a-memset.o)
 .debug_abbrev  0x00003d65      0x1ec C:/msys64/mingw64/bin/../lib/gcc/arm-none-eabi/13.3.0/../../../../arm-none-eabi/lib/thumb/v6-m/nofp\libg.a(libc_a-closer.o)
 .debug_abbrev  0x00003f51      0x227 C:/msys64/mingw64/bin/../lib/gcc/arm-none-eabi/13.3.0/../../../../arm-none-eabi/lib/thumb/v6-m/nofp\libg.a(libc_a-reent.o)
 .debug_abbrev  0x00004178      0x185 C:/msys64/mingw64/bin/../lib/gcc/arm-none-eabi/13.3.0/../../../../arm-none-eabi/lib/thumb/v6-m/nofp\libg.a(libc_a-impure.o)
 .debug_abbrev  0x000042fd      0x200 C:/msys64/mingw64/bin/../lib/gcc/arm-none-eabi/13.3.0/../../../../arm-none-eabi/lib/thumb/v6-m/nofp\libg.a(libc_a-lseekr.o)
 .debug_abbrev  0x000044fd      0x1ec C:/msys64/mingw64/bin/../lib/gcc/arm-none-eabi/13.3.0/../../../../arm-none-eabi/lib/thumb/v6-m/nofp\libg.a(libc_a-readr.o)
 .debug_abbrev  0x000046e9      0x1f1 C:/msys64/mingw64/bin/../lib/gcc/arm-none-eabi/13.3.0/../../../../arm-none-eabi/lib/thumb/v6-m/nofp\libg.a(libc_a-writer.o)